Component: ARM Compiler 5.06 update 7 (build 960) Tool: armlink [4d3601]

==============================================================================

Section Cross References

    startup_cms32f033x.o(STACK) refers (Special) to heapauxi.o(.text) for __use_two_region_memory
    startup_cms32f033x.o(HEAP) refers (Special) to heapauxi.o(.text) for __use_two_region_memory
    startup_cms32f033x.o(RESET) refers (Special) to heapauxi.o(.text) for __use_two_region_memory
    startup_cms32f033x.o(RESET) refers to startup_cms32f033x.o(STACK) for __initial_sp
    startup_cms32f033x.o(RESET) refers to startup_cms32f033x.o(.text) for Reset_Handler
    startup_cms32f033x.o(RESET) refers to isr.o(i.NMI_Handler) for NMI_Handler
    startup_cms32f033x.o(RESET) refers to isr.o(i.HardFault_Handler) for HardFault_Handler
    startup_cms32f033x.o(RESET) refers to isr.o(i.SVC_Handler) for SVC_Handler
    startup_cms32f033x.o(RESET) refers to isr.o(i.PendSV_Handler) for PendSV_Handler
    startup_cms32f033x.o(RESET) refers to isr.o(i.SysTick_Handler) for SysTick_Handler
    startup_cms32f033x.o(RESET) refers to isr.o(i.GPIO0_IRQHandler) for GPIO0_IRQHandler
    startup_cms32f033x.o(RESET) refers to isr.o(i.GPIO1_IRQHandler) for GPIO1_IRQHandler
    startup_cms32f033x.o(RESET) refers to isr.o(i.GPIO2_IRQHandler) for GPIO2_IRQHandler
    startup_cms32f033x.o(RESET) refers to isr.o(i.GPIO3_IRQHandler) for GPIO3_IRQHandler
    startup_cms32f033x.o(RESET) refers to isr.o(i.GPIO4_IRQHandler) for GPIO4_IRQHandler
    startup_cms32f033x.o(RESET) refers to isr.o(i.CCP_IRQHandler) for CCP_IRQHandler
    startup_cms32f033x.o(RESET) refers to isr.o(i.WWDT_IRQHandler) for WWDT_IRQHandler
    startup_cms32f033x.o(RESET) refers to isr.o(i.EPWM_IRQHandler) for EPWM_IRQHandler
    startup_cms32f033x.o(RESET) refers to isr.o(i.ADC1_IRQHandler) for ADC1_IRQHandler
    startup_cms32f033x.o(RESET) refers to isr.o(i.ACMP_IRQHandler) for ACMP_IRQHandler
    startup_cms32f033x.o(RESET) refers to isr.o(i.UART0_IRQHandler) for UART0_IRQHandler
    startup_cms32f033x.o(RESET) refers to isr.o(i.UART1_IRQHandler) for UART1_IRQHandler
    startup_cms32f033x.o(RESET) refers to isr.o(i.TMR0_IRQHandler) for TMR0_IRQHandler
    startup_cms32f033x.o(RESET) refers to isr.o(i.TMR1_IRQHandler) for TMR1_IRQHandler
    startup_cms32f033x.o(RESET) refers to isr.o(i.WDT_IRQHandler) for WDT_IRQHandler
    startup_cms32f033x.o(RESET) refers to isr.o(i.I2C_IRQHandler) for I2C_IRQHandler
    startup_cms32f033x.o(RESET) refers to isr.o(i.SPI_IRQHandler) for SPI_IRQHandler
    startup_cms32f033x.o(RESET) refers to isr.o(i.LVD_IRQHandler) for LVD_IRQHandler
    startup_cms32f033x.o(.text) refers (Special) to heapauxi.o(.text) for __use_two_region_memory
    startup_cms32f033x.o(.text) refers to system_cms32f033x.o(i.SystemInit) for SystemInit
    startup_cms32f033x.o(.text) refers to __main.o(!!!main) for __main
    startup_cms32f033x.o(.text) refers to startup_cms32f033x.o(HEAP) for Heap_Mem
    startup_cms32f033x.o(.text) refers to startup_cms32f033x.o(STACK) for Stack_Mem
    system_cms32f033x.o(i.SystemCoreClockUpdate) refers to aeabi_sdiv.o(.text) for __aeabi_uidivmod
    system_cms32f033x.o(i.SystemCoreClockUpdate) refers to system_cms32f033x.o(.data) for HSIClock
    main.o(i.main) refers to _printf_percent.o(.ARM.Collect$$_printf_percent$$00000000) for _printf_percent
    main.o(i.main) refers to _printf_s.o(.ARM.Collect$$_printf_percent$$00000014) for _printf_s
    main.o(i.main) refers to _printf_str.o(.text) for _printf_str
    main.o(i.main) refers to _printf_d.o(.ARM.Collect$$_printf_percent$$00000009) for _printf_d
    main.o(i.main) refers to _printf_dec.o(.text) for _printf_int_dec
    main.o(i.main) refers to user_time.o(i.delay_ms) for delay_ms
    main.o(i.main) refers to main.o(i.sys_init) for sys_init
    main.o(i.main) refers to wdt.o(i.WDT_ConfigClk) for WDT_ConfigClk
    main.o(i.main) refers to wdt.o(i.WDT_ConfigPeriod) for WDT_ConfigPeriod
    main.o(i.main) refers to wdt.o(i.WDT_EnableRestSystem) for WDT_EnableRestSystem
    main.o(i.main) refers to wdt.o(i.WDT_ClearOverflowIntFlag) for WDT_ClearOverflowIntFlag
    main.o(i.main) refers to wdt.o(i.WDT_ClearWDT) for WDT_ClearWDT
    main.o(i.main) refers to user_gpio.o(i.GPIO_Config) for GPIO_Config
    main.o(i.main) refers to user_time.o(i.TMR_Config) for TMR_Config
    main.o(i.main) refers to rtc.o(i.rtc_init) for rtc_init
    main.o(i.main) refers to user_uart.o(i.UART_Config) for UART_Config
    main.o(i.main) refers to noretval__2printf.o(.text) for __2printf
    main.o(i.main) refers to user_flash.o(i.eeprom_data_init) for eeprom_data_init
    main.o(i.main) refers to mcu_api.o(i.wifi_protocol_init) for wifi_protocol_init
    main.o(i.main) refers to mcu_api.o(i.wifi_uart_service) for wifi_uart_service
    main.o(i.main) refers to rtc.o(i.printf_rtc) for printf_rtc
    main.o(i.main) refers to mcu_api.o(i.mcu_get_wifi_connect_status) for mcu_get_wifi_connect_status
[...]
    .ARM.Collect$$libshutdown$$0000000C      0x00000166   Section        0  libshutdown2.o(.ARM.Collect$$libshutdown$$0000000C)
    .ARM.Collect$$libshutdown$$0000000E      0x00000166   Section        0  libshutdown2.o(.ARM.Collect$$libshutdown$$0000000E)
    .ARM.Collect$$libshutdown$$00000011      0x00000166   Section        0  libshutdown2.o(.ARM.Collect$$libshutdown$$00000011)
    .ARM.Collect$$libshutdown$$00000012      0x00000166   Section        2  libshutdown2.o(.ARM.Collect$$libshutdown$$00000012)
    .ARM.Collect$$rtentry$$00000000          0x00000168   Section        0  __rtentry.o(.ARM.Collect$$rtentry$$00000000)
    .ARM.Collect$$rtentry$$00000002          0x00000168   Section        0  __rtentry2.o(.ARM.Collect$$rtentry$$00000002)
    .ARM.Collect$$rtentry$$00000004          0x00000168   Section        6  __rtentry4.o(.ARM.Collect$$rtentry$$00000004)
    .ARM.Collect$$rtentry$$00000009          0x0000016e   Section        0  __rtentry2.o(.ARM.Collect$$rtentry$$00000009)
    .ARM.Collect$$rtentry$$0000000A          0x0000016e   Section        4  __rtentry2.o(.ARM.Collect$$rtentry$$0000000A)
    .ARM.Collect$$rtentry$$0000000C          0x00000172   Section        0  __rtentry2.o(.ARM.Collect$$rtentry$$0000000C)
    .ARM.Collect$$rtentry$$0000000D          0x00000172   Section        8  __rtentry2.o(.ARM.Collect$$rtentry$$0000000D)
    .ARM.Collect$$rtexit$$00000000           0x0000017a   Section        2  rtexit.o(.ARM.Collect$$rtexit$$00000000)
    .ARM.Collect$$rtexit$$00000002           0x0000017c   Section        0  rtexit2.o(.ARM.Collect$$rtexit$$00000002)
    .ARM.Collect$$rtexit$$00000003           0x0000017c   Section        4  rtexit2.o(.ARM.Collect$$rtexit$$00000003)
    .ARM.Collect$$rtexit$$00000004           0x00000180   Section        6  rtexit2.o(.ARM.Collect$$rtexit$$00000004)
    .emb_text                                0x00000188   Section       56  rt_memcpy.o(.emb_text)
    .text                                    0x000001c0   Section       52  startup_cms32f033x.o(.text)
    Default_Handler                          0x000001d3   Thumb Code     2  startup_cms32f033x.o(.text)
    .text                                    0x000001f4   Section        0  noretval__2printf.o(.text)
    .text                                    0x00000210   Section        0  _printf_pad.o(.text)
    .text                                    0x0000025e   Section        0  _printf_str.o(.text)
    .text                                    0x000002b0   Section        0  _printf_dec.o(.text)
    .text                                    0x0000031c   Section        0  _printf_hex_int.o(.text)
    .text                                    0x00000374   Section        0  __printf_flags_ss_wp.o(.text)
    .text                                    0x000004fc   Section        0  rt_memcpy.o(.text)
    .text                                    0x0000057e   Section        0  rt_memclr.o(.text)
    .text                                    0x000005be   Section      346  aeabi_sdiv.o(.text)
    .text                                    0x00000718   Section        0  heapauxi.o(.text)
    .text                                    0x0000071e   Section        0  _printf_intcommon.o(.text)
    .text                                    0x000007ce   Section        0  _printf_char.o(.text)
    .text                                    0x000007fc   Section        0  _printf_char_file.o(.text)
    .text                                    0x00000824   Section        0  rtudiv10.o(.text)
    .text                                    0x0000084c   Section        0  _printf_char_common.o(.text)
    _printf_input_char                       0x0000084d   Thumb Code    10  _printf_char_common.o(.text)
    .text                                    0x0000087c   Section       62  sys_stackheap_outer.o(.text)
    .text                                    0x000008ba   Section        0  exit.o(.text)
    .text                                    0x000008cc   Section        8  libspace.o(.text)
    i.ACMP_IRQHandler                        0x000008d4   Section        0  isr.o(i.ACMP_IRQHandler)
    i.ADC1_IRQHandler                        0x000008d6   Section        0  isr.o(i.ADC1_IRQHandler)
    i.CCP_IRQHandler                         0x000008d8   Section        0  isr.o(i.CCP_IRQHandler)
    i.EPWM_IRQHandler                        0x000008da   Section        0  isr.o(i.EPWM_IRQHandler)
    i.FMC_ErasePage                          0x000008dc   Section        0  user_flash.o(i.FMC_ErasePage)
    i.FMC_Read                               0x00000920   Section        0  user_flash.o(i.FMC_Read)
    i.FMC_Write                              0x00000944   Section        0  user_flash.o(i.FMC_Write)
    i.GPIO0_IRQHandler                       0x0000098c   Section        0  isr.o(i.GPIO0_IRQHandler)
    i.GPIO1_IRQHandler                       0x0000098e   Section        0  isr.o(i.GPIO1_IRQHandler)
    i.GPIO2_IRQHandler                       0x00000990   Section        0  isr.o(i.GPIO2_IRQHandler)
    i.GPIO3_IRQHandler                       0x00000994   Section        0  isr.o(i.GPIO3_IRQHandler)
    i.GPIO4_IRQHandler                       0x000009c8   Section        0  isr.o(i.GPIO4_IRQHandler)
    i.GPIO_ClearIntFlag                      0x000009f0   Section        0  gpio.o(i.GPIO_ClearIntFlag)
    i.GPIO_Config                            0x000009fc   Section        0  user_gpio.o(i.GPIO_Config)
    i.GPIO_EnableFilter                      0x00000d94   Section        0  gpio.o(i.GPIO_EnableFilter)
    i.GPIO_EnableInt                         0x00000dac   Section        0  gpio.o(i.GPIO_EnableInt)
    i.GPIO_GetIntFlag                        0x00000e1a   Section        0  gpio.o(i.GPIO_GetIntFlag)
    i.HardFault_Handler                      0x00000e30   Section        0  isr.o(i.HardFault_Handler)
    i.I2C_IRQHandler                         0x00000e32   Section        0  isr.o(i.I2C_IRQHandler)
    i.IAP_erase_user                         0x00000e34   Section        0  user_flash.o(i.IAP_erase_user)
    i.IAP_read_user                          0x00000e40   Section        0  user_flash.o(i.IAP_read_user)
    i.IAP_write_user                         0x00000ecc   Section        0  user_flash.o(i.IAP_write_user)
    i.Jump                                   0x00000f70   Section        0  main.o(i.Jump)
    i.LVD_IRQHandler                         0x00000fa0   Section        0  isr.o(i.LVD_IRQHandler)
    i.NMI_Handler                            0x00000fa2   Section        0  isr.o(i.NMI_Handler)
    i.NVIC_EnableIRQ                         0x00000fa4   Section        0  user_gpio.o(i.NVIC_EnableIRQ)
    NVIC_EnableIRQ                           0x00000fa5   Thumb Code    14  user_gpio.o(i.NVIC_EnableIRQ)
    i.NVIC_EnableIRQ                         0x00000fb8   Section        0  user_time.o(i.NVIC_EnableIRQ)
    NVIC_EnableIRQ                           0x00000fb9   Thumb Code    14  user_time.o(i.NVIC_EnableIRQ)
    i.NVIC_SetPriority                       0x00000fcc   Section        0  user_gpio.o(i.NVIC_SetPriority)
    NVIC_SetPriority                         0x00000fcd   Thumb Code   110  user_gpio.o(i.NVIC_SetPriority)
    i.NVIC_SetPriority                       0x00001044   Section        0  user_time.o(i.NVIC_SetPriority)
    NVIC_SetPriority                         0x00001045   Thumb Code   110  user_time.o(i.NVIC_SetPriority)
    i.NVIC_SetPriority                       0x000010bc   Section        0  user_uart.o(i.NVIC_SetPriority)
    NVIC_SetPriority                         0x000010bd   Thumb Code   110  user_uart.o(i.NVIC_SetPriority)
    i.PendSV_Handler                         0x00001134   Section        0  isr.o(i.PendSV_Handler)
    i.SPI_IRQHandler                         0x00001136   Section        0  isr.o(i.SPI_IRQHandler)
    i.SVC_Handler                            0x00001138   Section        0  isr.o(i.SVC_Handler)
    i.SYS_ConfigAHBClock                     0x0000113c   Section        0  system_1.o(i.SYS_ConfigAHBClock)
    i.SYS_ConfigAPBClock                     0x00001178   Section        0  system_1.o(i.SYS_ConfigAPBClock)
    i.SYS_ConfigHSI                          0x00001188   Section        0  system_1.o(i.SYS_ConfigHSI)
    i.SYS_EnableHSI                          0x000011ac   Section        0  system_1.o(i.SYS_EnableHSI)
    i.SYS_EnablePeripheralClk                0x000011c8   Section        0  system_1.o(i.SYS_EnablePeripheralClk)
    i.SYS_GetHSIState                        0x000011d8   Section        0  system_1.o(i.SYS_GetHSIState)
    i.SysTick_Handler                        0x000011e4   Section        0  isr.o(i.SysTick_Handler)
    i.SystemCoreClockUpdate                  0x000011e8   Section        0  system_cms32f033x.o(i.SystemCoreClockUpdate)
    i.SystemInit                             0x0000126c   Section        0  system_cms32f033x.o(i.SystemInit)
    i.TMR0_IRQHandler                        0x00001270   Section        0  isr.o(i.TMR0_IRQHandler)
    i.TMR1_IRQHandler                        0x0000163c   Section        0  isr.o(i.TMR1_IRQHandler)
    i.TMR_ClearOverflowIntFlag               0x00001650   Section        0  timer.o(i.TMR_ClearOverflowIntFlag)
    i.TMR_Config                             0x00001658   Section        0  user_time.o(i.TMR_Config)
    i.TMR_ConfigClk                          0x000016f0   Section        0  timer.o(i.TMR_ConfigClk)
    i.TMR_ConfigRunMode                      0x00001708   Section        0  timer.o(i.TMR_ConfigRunMode)
    i.TMR_DisableOneShotMode                 0x0000171e   Section        0  timer.o(i.TMR_DisableOneShotMode)
    i.TMR_EnableOverflowInt                  0x00001728   Section        0  timer.o(i.TMR_EnableOverflowInt)
    i.TMR_SetPeriod                          0x00001732   Section        0  timer.o(i.TMR_SetPeriod)
    i.TMR_Start                              0x00001736   Section        0  timer.o(i.TMR_Start)
    i.UART0_IRQHandler                       0x00001740   Section        0  isr.o(i.UART0_IRQHandler)
    i.UART1_IRQHandler                       0x000017a8   Section        0  isr.o(i.UART1_IRQHandler)
    i.UART_Config                            0x000017aa   Section        0  user_uart.o(i.UART_Config)
    i.UART_ConfigRunMode                     0x000017b8   Section        0  uart.o(i.UART_ConfigRunMode)
    i.UART_DisableAuto                       0x000017f0   Section        0  uart.o(i.UART_DisableAuto)
    i.UART_EnableRBRInt                      0x000017fa   Section        0  uart.o(i.UART_EnableRBRInt)
    i.UART_EnableTHREInt                     0x00001804   Section        0  uart.o(i.UART_EnableTHREInt)
    i.UART_ReadRBR                           0x0000180e   Section        0  uart.o(i.UART_ReadRBR)
    i.UART_UART0_Config                      0x00001814   Section        0  user_uart.o(i.UART_UART0_Config)
    i.UART_UART1_Config                      0x00001878   Section        0  user_uart.o(i.UART_UART1_Config)
    i.UART_WriteTHR                          0x000018a8   Section        0  uart.o(i.UART_WriteTHR)
    i.USART0_send_byte                       0x000018ac   Section        0  user_uart.o(i.USART0_send_byte)
    i.WDT_ClearOverflowIntFlag               0x000018f8   Section        0  wdt.o(i.WDT_ClearOverflowIntFlag)
    i.WDT_ClearWDT                           0x0000191c   Section        0  wdt.o(i.WDT_ClearWDT)
    i.WDT_ConfigClk                          0x00001940   Section        0  wdt.o(i.WDT_ConfigClk)
    i.WDT_ConfigPeriod                       0x00001970   Section        0  wdt.o(i.WDT_ConfigPeriod)
    i.WDT_EnableRestSystem                   0x0000198c   Section        0  wdt.o(i.WDT_EnableRestSystem)
    i.WDT_IRQHandler                         0x000019b4   Section        0  isr.o(i.WDT_IRQHandler)
    i.WWDT_IRQHandler                        0x000019b6   Section        0  isr.o(i.WWDT_IRQHandler)
    i.__ARM_common_switch8                   0x000019b8   Section        0  isr.o(i.__ARM_common_switch8)
    i._is_digit                              0x000019d4   Section        0  __printf_wp.o(i._is_digit)
    i._sys_exit                              0x000019e2   Section        0  retarget.o(i._sys_exit)
    i.all_data_update                        0x000019e8   Section        0  protocol.o(i.all_data_update)
    i.byte_to_int                            0x00001a08   Section        0  mcu_api.o(i.byte_to_int)
    i.check_min_sys_time                     0x00001a24   Section        0  feed_process.o(i.check_min_sys_time)
    i.data_handle                            0x00001a84   Section        0  system.o(i.data_handle)
    i.data_point_handle                      0x00001c40   Section        0  system.o(i.data_point_handle)
    data_point_handle                        0x00001c41   Thumb Code    60  system.o(i.data_point_handle)
    i.delay_ms                               0x00001c80   Section        0  user_time.o(i.delay_ms)
    i.dp_download_factory_reset_handle       0x00001cb4   Section        0  protocol.o(i.dp_download_factory_reset_handle)
    dp_download_factory_reset_handle         0x00001cb5   Thumb Code    38  protocol.o(i.dp_download_factory_reset_handle)
    i.dp_download_handle                     0x00001ce0   Section        0  protocol.o(i.dp_download_handle)
    i.dp_download_manual_feed_handle         0x00001d24   Section        0  protocol.o(i.dp_download_manual_feed_handle)
    dp_download_manual_feed_handle           0x00001d25   Thumb Code    46  protocol.o(i.dp_download_manual_feed_handle)
    i.dp_download_meal_plan_handle           0x00001d74   Section        0  protocol.o(i.dp_download_meal_plan_handle)
    dp_download_meal_plan_handle             0x00001d75   Thumb Code    62  protocol.o(i.dp_download_meal_plan_handle)
    i.eeprom_data_init                       0x00001dbc   Section        0  user_flash.o(i.eeprom_data_init)
    i.error_task                             0x00001e5c   Section        0  led.o(i.error_task)
    i.feed_key_isr                           0x00001eac   Section        0  tuya_wifi.o(i.feed_key_isr)
    i.feed_run                               0x00001f04   Section        0  feed_process.o(i.feed_run)
    i.feed_scan                              0x00001f80   Section        0  feed_process.o(i.feed_scan)
    i.ferror                                 0x000020a8   Section        0  retarget.o(i.ferror)
    i.food_det_isr                           0x000020b0   Section        0  led.o(i.food_det_isr)
    i.fputc                                  0x00002114   Section        0  retarget.o(i.fputc)
    i.get_check_sum                          0x00002148   Section        0  system.o(i.get_check_sum)
    i.get_dowmload_dpid_index                0x00002164   Section        0  system.o(i.get_dowmload_dpid_index)
    get_dowmload_dpid_index                  0x00002165   Thumb Code    40  system.o(i.get_dowmload_dpid_index)
    i.get_download_cmd_total                 0x00002190   Section        0  protocol.o(i.get_download_cmd_total)
    i.get_mcu_wifi_mode                      0x00002194   Section        0  system.o(i.get_mcu_wifi_mode)
    get_mcu_wifi_mode                        0x00002195   Thumb Code    16  system.o(i.get_mcu_wifi_mode)
    i.get_wifi_status                        0x000021a4   Section        0  protocol.o(i.get_wifi_status)
    i.heat_beat_check                        0x00002300   Section        0  system.o(i.heat_beat_check)
    heat_beat_check                          0x00002301   Thumb Code    52  system.o(i.heat_beat_check)
    i.is_leap_year                           0x00002338   Section        0  rtc.o(i.is_leap_year)
    is_leap_year                             0x00002339   Thumb Code    54  rtc.o(i.is_leap_year)
    i.led_task_link                          0x0000236e   Section        0  led.o(i.led_task_link)
    i.link_led_isr                           0x00002394   Section        0  tuya_wifi.o(i.link_led_isr)
    i.main                                   0x00002450   Section        0  main.o(i.main)
    i.mcu_dp_bool_update                     0x000028dc   Section        0  mcu_api.o(i.mcu_dp_bool_update)
    i.mcu_dp_enum_update                     0x00002944   Section        0  mcu_api.o(i.mcu_dp_enum_update)
    i.mcu_dp_fault_update                    0x0000299c   Section        0  mcu_api.o(i.mcu_dp_fault_update)
    i.mcu_dp_raw_update                      0x00002a64   Section        0  mcu_api.o(i.mcu_dp_raw_update)
    i.mcu_dp_value_update                    0x00002ad4   Section        0  mcu_api.o(i.mcu_dp_value_update)
    i.mcu_get_dp_download_bool               0x00002b4c   Section        0  mcu_api.o(i.mcu_get_dp_download_bool)
    i.mcu_get_dp_download_value              0x00002b52   Section        0  mcu_api.o(i.mcu_get_dp_download_value)
    i.mcu_get_system_time                    0x00002b60   Section        0  mcu_api.o(i.mcu_get_system_time)
    i.mcu_get_wifi_connect_status            0x00002b6e   Section        0  mcu_api.o(i.mcu_get_wifi_connect_status)
    i.mcu_reset_wifi                         0x00002b7c   Section        0  mcu_api.o(i.mcu_reset_wifi)
    i.mcu_start_wifitest                     0x00002b94   Section        0  mcu_api.o(i.mcu_start_wifitest)
    i.mcu_write_rtctime                      0x00002ba4   Section        0  protocol.o(i.mcu_write_rtctime)
    i.motor                                  0x00002c30   Section        0  motor.o(i.motor)
    i.motor_contorl                          0x00002e34   Section        0  motor.o(i.motor_contorl)
    i.motor_run                              0x00002e80   Section        0  motor.o(i.motor_run)
    i.my_memcpy                              0x00002f70   Section        0  mcu_api.o(i.my_memcpy)
    i.my_memset                              0x00002fbc   Section        0  mcu_api.o(i.my_memset)
    i.my_strlen                              0x00002fde   Section        0  mcu_api.o(i.my_strlen)
    i.printf_feed_info                       0x00002ffc   Section        0  user_flash.o(i.printf_feed_info)
    i.printf_func_info                       0x0000309c   Section        0  user_flash.o(i.printf_func_info)
    i.printf_rtc                             0x00003124   Section        0  rtc.o(i.printf_rtc)
    i.product_info_update                    0x00003178   Section        0  system.o(i.product_info_update)
    product_info_update                      0x00003179   Thumb Code   164  system.o(i.product_info_update)
    i.record_key_isr                         0x00003258   Section        0  tuya_wifi.o(i.record_key_isr)
    i.rtc_init                               0x00003384   Section        0  rtc.o(i.rtc_init)
    i.rtc_month_days                         0x00003394   Section        0  rtc.o(i.rtc_month_days)
    rtc_month_days                           0x00003395   Thumb Code    40  rtc.o(i.rtc_month_days)
    i.rtc_task                               0x000033c0   Section        0  rtc.o(i.rtc_task)
    i.send_feed_info                         0x00003484   Section        0  feed_process.o(i.send_feed_info)
    i.send_feed_state                        0x000034fc   Section        0  feed_process.o(i.send_feed_state)
    i.set_wifi_uart_buffer                   0x00003540   Section        0  system.o(i.set_wifi_uart_buffer)
    i.set_wifi_uart_byte                     0x00003564   Section        0  system.o(i.set_wifi_uart_byte)
    i.speak_reset_isr                        0x00003574   Section        0  tuya_wifi.o(i.speak_reset_isr)
    i.sys_init                               0x00003624   Section        0  main.o(i.sys_init)
    i.take_byte_rxbuff                       0x0000366c   Section        0  system.o(i.take_byte_rxbuff)
    i.uart_receive_input                     0x000036a8   Section        0  mcu_api.o(i.uart_receive_input)
    i.uart_transmit_output                   0x00003700   Section        0  protocol.o(i.uart_transmit_output)
    i.upgrade_package_choose                 0x0000370c   Section        0  protocol.o(i.upgrade_package_choose)
    i.user_write_flash                       0x00003718   Section        0  user_flash.o(i.user_write_flash)
    i.wifi_protocol_init                     0x00003784   Section        0  mcu_api.o(i.wifi_protocol_init)
    i.wifi_test_result                       0x000037a8   Section        0  protocol.o(i.wifi_test_result)
    i.wifi_uart_service                      0x000037cc   Section        0  mcu_api.o(i.wifi_uart_service)
    i.wifi_uart_write_data                   0x000038bc   Section        0  system.o(i.wifi_uart_write_data)
    wifi_uart_write_data                     0x000038bd   Thumb Code    40  system.o(i.wifi_uart_write_data)
    i.wifi_uart_write_frame                  0x000038e4   Section        0  system.o(i.wifi_uart_write_frame)
    i.with_data_rxbuff                       0x00003928   Section        0  system.o(i.with_data_rxbuff)
    .constdata                               0x00003944   Section       12  protocol.o(.constdata)
    .constdata                               0x00003950   Section       40  _printf_hex_int.o(.constdata)
    uc_hextab                                0x00003950   Data          20  _printf_hex_int.o(.constdata)
    lc_hextab                                0x00003964   Data          20  _printf_hex_int.o(.constdata)
    .constdata                               0x00003978   Section       17  __printf_flags_ss_wp.o(.constdata)
    maptable                                 0x00003978   Data          17  __printf_flags_ss_wp.o(.constdata)
    .data                                    0x20000000   Section       28  system_cms32f033x.o(.data)
    .data                                    0x2000001c   Section        8  main.o(.data)
    .data                                    0x20000024   Section       36  isr.o(.data)
    U_IntID                                  0x20000030   Data           4  isr.o(.data)
    U_LSRFlag                                0x20000034   Data           4  isr.o(.data)
    U_count                                  0x20000038   Data           4  isr.o(.data)
    time_WDT                                 0x2000003c   Data           1  isr.o(.data)
    key_time_time                            0x2000003d   Data           1  isr.o(.data)
    key_exit_time                            0x2000003e   Data           2  isr.o(.data)
    lock_key_time                            0x20000040   Data           2  isr.o(.data)
    get_time_time                            0x20000042   Data           2  isr.o(.data)
    cancel_send_feed_error_time              0x20000044   Data           2  isr.o(.data)
    error_uart_time                          0x20000046   Data           2  isr.o(.data)
    .data                                    0x20000048   Section       16  motor.o(.data)
    .data                                    0x20000058   Section        9  led.o(.data)
    error_ir_time                            0x20000060   Data           1  led.o(.data)
    .data                                    0x20000061   Section       22  rtc.o(.data)
    rtc_days_in_month                        0x2000006b   Data          12  rtc.o(.data)
    .data                                    0x20000078   Section       37  tuya_wifi.o(.data)
    record_key_time                          0x2000009a   Data           2  tuya_wifi.o(.data)
    link_time                                0x2000009c   Data           1  tuya_wifi.o(.data)
    .data                                    0x2000009d   Section        2  feed_process.o(.data)
    .data                                    0x2000009f   Section        1  user_uart.o(.data)
    .data                                    0x200000a0   Section        8  user_flash.o(.data)
    .data                                    0x200000a8   Section        2  mcu_api.o(.data)
    rx_in                                    0x200000a8   Data           2  mcu_api.o(.data)
    .data                                    0x200000ac   Section       10  protocol.o(.data)
    wifi_mode_connect_flag                   0x200000b4   Data           1  protocol.o(.data)
    net_reset_cont                           0x200000b5   Data           1  protocol.o(.data)
    .data                                    0x200000b8   Section       21  system.o(.data)
    mcu_reset_state                          0x200000c4   Data           1  system.o(.data)
    firm_size                                0x200000c6   Data           2  system.o(.data)
    firm_length                              0x200000c8   Data           4  system.o(.data)
    firm_update_flag                         0x200000cc   Data           1  system.o(.data)
    .data                                    0x200000d0   Section        8  retarget.o(.data)
    .bss                                     0x200000d8   Section       52  user_flash.o(.bss)
    .bss                                     0x2000010c   Section      405  system.o(.bss)
    .bss                                     0x200002a4   Section       96  libspace.o(.bss)
    HEAP                                     0x20000308   Section        0  startup_cms32f033x.o(HEAP)
    STACK                                    0x20000308   Section     2048  startup_cms32f033x.o(STACK)
    Heap_Mem                                 0x20000308   Data           0  startup_cms32f033x.o(HEAP)
    Stack_Mem                                0x20000308   Data        2048  startup_cms32f033x.o(STACK)
    __initial_sp                             0x20000b08   Data           0  startup_cms32f033x.o(STACK)

    Global Symbols

    Symbol Name                              Value     Ov Type        Size  Object(Section)

    BuildAttributes$$THM_ISAv3M$S$PE$A:L22$X:L11$S22$IEEE1$IW$USESV6$~STKCKD$USESV7$~SHL$OSPACE$ROPI$EBA8$UX$STANDARDLIB$REQ8$PRES8$EABIv2 0x00000000   Number         0  anon$$obj.o ABSOLUTE
    __ARM_use_no_argv                        0x00000000   Number         0  main.o ABSOLUTE
    __Vectors                                0x00000000   Data           4  startup_cms32f033x.o(RESET)
    _printf_flags                            0x00000000   Number         0  printf_stubs.o ABSOLUTE
    _printf_return_value                     0x00000000   Number         0  printf_stubs.o ABSOLUTE
    _printf_sizespec                         0x00000000   Number         0  printf_stubs.o ABSOLUTE
    _printf_widthprec                        0x00000000   Number         0  printf_stubs.o ABSOLUTE
    __ARM_exceptions_init                     - Undefined Weak Reference
    __alloca_initialize                       - Undefined Weak Reference
    __arm_fini_                               - Undefined Weak Reference
    __arm_preinit_                            - Undefined Weak Reference
    __cpp_initialize__aeabi_                  - Undefined Weak Reference
    __cxa_finalize                            - Undefined Weak Reference
    __rt_locale                               - Undefined Weak Reference
    __sigvec_lookup                           - Undefined Weak Reference
    _atexit_init                              - Undefined Weak Reference
    _call_atexit_fns                          - Undefined Weak Reference
    _clock_init                               - Undefined Weak Reference
    _fp_trap_init                             - Undefined Weak Reference
    _fp_trap_shutdown                         - Undefined Weak Reference
    _get_lc_collate                           - Undefined Weak Reference
    _get_lc_ctype                             - Undefined Weak Reference
    _get_lc_monetary                          - Undefined Weak Reference
    _get_lc_numeric                           - Undefined Weak Reference
    _get_lc_time                              - Undefined Weak Reference
    _getenv_init                              - Undefined Weak Reference
    _handle_redirection                       - Undefined Weak Reference
    _init_alloc                               - Undefined Weak Reference
    _init_user_alloc                          - Undefined Weak Reference
    _initio                                   - Undefined Weak Reference
    _printf_mbtowc                            - Undefined Weak Reference
    _printf_truncate_signed                   - Undefined Weak Reference
    _printf_truncate_unsigned                 - Undefined Weak Reference
    _rand_init                                - Undefined Weak Reference
    _signal_finish                            - Undefined Weak Reference
    _signal_init                              - Undefined Weak Reference
    _terminate_alloc                          - Undefined Weak Reference
    _terminate_user_alloc                     - Undefined Weak Reference
    _terminateio                              - Undefined Weak Reference
    __main                                   0x000000c1   Thumb Code     8  __main.o(!!!main)
    __scatterload                            0x000000c9   Thumb Code     0  __scatter.o(!!!scatter)
    __scatterload_rt2                        0x000000c9   Thumb Code    52  __scatter.o(!!!scatter)
    __scatterload_rt2_thumb_only             0x000000c9   Thumb Code     0  __scatter.o(!!!scatter)
    __scatterload_null                       0x000000d9   Thumb Code     0  __scatter.o(!!!scatter)
    __scatterload_copy                       0x00000105   Thumb Code    26  __scatter_copy.o(!!handler_copy)
    __scatterload_zeroinit                   0x00000121   Thumb Code    28  __scatter_zi.o(!!handler_zi)
    _printf_percent                          0x0000013d   Thumb Code     0  _printf_percent.o(.ARM.Collect$$_printf_percent$$00000000)
    _printf_d                                0x0000013f   Thumb Code     0  _printf_d.o(.ARM.Collect$$_printf_percent$$00000009)
    _printf_x                                0x00000149   Thumb Code     0  _printf_x.o(.ARM.Collect$$_printf_percent$$0000000C)
    _printf_s                                0x00000153   Thumb Code     0  _printf_s.o(.ARM.Collect$$_printf_percent$$00000014)
    _printf_percent_end                      0x0000015d   Thumb Code     0  _printf_percent_end.o(.ARM.Collect$$_printf_percent$$00000017)
    __rt_lib_init                            0x00000161   Thumb Code     0  libinit.o(.ARM.Collect$$libinit$$00000000)
    __rt_lib_init_alloca_1                   0x00000163   Thumb Code     0  libinit2.o(.ARM.Collect$$libinit$$0000002E)
    __rt_lib_init_argv_1                     0x00000163   Thumb Code     0  libinit2.o(.ARM.Collect$$libinit$$0000002C)
    __rt_lib_init_atexit_1                   0x00000163   Thumb Code     0  libinit2.o(.ARM.Collect$$libinit$$0000001B)
    __rt_lib_init_clock_1                    0x00000163   Thumb Code     0  libinit2.o(.ARM.Collect$$libinit$$00000021)
    __rt_lib_init_cpp_1                      0x00000163   Thumb Code     0  libinit2.o(.ARM.Collect$$libinit$$00000032)
    __rt_lib_init_exceptions_1               0x00000163   Thumb Code     0  libinit2.o(.ARM.Collect$$libinit$$00000030)
    __rt_lib_init_fp_1                       0x00000163   Thumb Code     0  libinit2.o(.ARM.Collect$$libinit$$00000002)
    __rt_lib_init_fp_trap_1                  0x00000163   Thumb Code     0  libinit2.o(.ARM.Collect$$libinit$$0000001F)
    __rt_lib_init_getenv_1                   0x00000163   Thumb Code     0  libinit2.o(.ARM.Collect$$libinit$$00000023)
    __rt_lib_init_heap_1                     0x00000163   Thumb Code     0  libinit2.o(.ARM.Collect$$libinit$$0000000A)
    __rt_lib_init_lc_collate_1               0x00000163   Thumb Code     0  libinit2.o(.ARM.Collect$$libinit$$00000011)
    __rt_lib_init_lc_ctype_1                 0x00000163   Thumb Code     0  libinit2.o(.ARM.Collect$$libinit$$00000013)
    __rt_lib_init_lc_monetary_1              0x00000163   Thumb Code     0  libinit2.o(.ARM.Collect$$libinit$$00000015)
    __rt_lib_init_lc_numeric_1               0x00000163   Thumb Code     0  libinit2.o(.ARM.Collect$$libinit$$00000017)
    __rt_lib_init_lc_time_1                  0x00000163   Thumb Code     0  libinit2.o(.ARM.Collect$$libinit$$00000019)
    __rt_lib_init_preinit_1                  0x00000163   Thumb Code     0  libinit2.o(.ARM.Collect$$libinit$$00000004)
    __rt_lib_init_rand_1                     0x00000163   Thumb Code     0  libinit2.o(.ARM.Collect$$libinit$$0000000E)
    __rt_lib_init_return                     0x00000163   Thumb Code     0  libinit2.o(.ARM.Collect$$libinit$$00000033)
    __rt_lib_init_signal_1                   0x00000163   Thumb Code     0  libinit2.o(.ARM.Collect$$libinit$$0000001D)
    __rt_lib_init_stdio_1                    0x00000163   Thumb Code     0  libinit2.o(.ARM.Collect$$libinit$$00000025)
    __rt_lib_init_user_alloc_1               0x00000163   Thumb Code     0  libinit2.o(.ARM.Collect$$libinit$$0000000C)
    __rt_lib_shutdown                        0x00000165   Thumb Code     0  libshutdown.o(.ARM.Collect$$libshutdown$$00000000)
    __rt_lib_shutdown_cpp_1                  0x00000167   Thumb Code     0  libshutdown2.o(.ARM.Collect$$libshutdown$$00000004)
    __rt_lib_shutdown_fini_1                 0x00000167   Thumb Code     0  libshutdown2.o(.ARM.Collect$$libshutdown$$00000002)
    __rt_lib_shutdown_fp_trap_1              0x00000167   Thumb Code     0  libshutdown2.o(.ARM.Collect$$libshutdown$$00000009)
    __rt_lib_shutdown_heap_1                 0x00000167   Thumb Code     0  libshutdown2.o(.ARM.Collect$$libshutdown$$00000011)
    __rt_lib_shutdown_return                 0x00000167   Thumb Code     0  libshutdown2.o(.ARM.Collect$$libshutdown$$00000012)
    __rt_lib_shutdown_signal_1               0x00000167   Thumb Code     0  libshutdown2.o(.ARM.Collect$$libshutdown$$0000000C)
    __rt_lib_shutdown_stdio_1                0x00000167   Thumb Code     0  libshutdown2.o(.ARM.Collect$$libshutdown$$00000006)
    __rt_lib_shutdown_user_alloc_1           0x00000167   Thumb Code     0  libshutdown2.o(.ARM.Collect$$libshutdown$$0000000E)
    __rt_entry                               0x00000169   Thumb Code     0  __rtentry.o(.ARM.Collect$$rtentry$$00000000)
    __rt_entry_presh_1                       0x00000169   Thumb Code     0  __rtentry2.o(.ARM.Collect$$rtentry$$00000002)
    __rt_entry_sh                            0x00000169   Thumb Code     0  __rtentry4.o(.ARM.Collect$$rtentry$$00000004)
    __rt_entry_li                            0x0000016f   Thumb Code     0  __rtentry2.o(.ARM.Collect$$rtentry$$0000000A)
    __rt_entry_postsh_1                      0x0000016f   Thumb Code     0  __rtentry2.o(.ARM.Collect$$rtentry$$00000009)
    __rt_entry_main                          0x00000173   Thumb Code     0  __rtentry2.o(.ARM.Collect$$rtentry$$0000000D)
    __rt_entry_postli_1                      0x00000173   Thumb Code     0  __rtentry2.o(.ARM.Collect$$rtentry$$0000000C)
    __rt_exit                                0x0000017b   Thumb Code     0  rtexit.o(.ARM.Collect$$rtexit$$00000000)
    __rt_exit_ls                             0x0000017d   Thumb Code     0  rtexit2.o(.ARM.Collect$$rtexit$$00000003)
    __rt_exit_prels_1                        0x0000017d   Thumb Code     0  rtexit2.o(.ARM.Collect$$rtexit$$00000002)
    __rt_exit_exit                           0x00000181   Thumb Code     0  rtexit2.o(.ARM.Collect$$rtexit$$00000004)
    __aeabi_memcpy4                          0x00000189   Thumb Code    56  rt_memcpy.o(.emb_text)
    __aeabi_memcpy8                          0x00000189   Thumb Code     0  rt_memcpy.o(.emb_text)
    Reset_Handler                            0x000001c1   Thumb Code     8  startup_cms32f033x.o(.text)
    __user_initial_stackheap                 0x000001d5   Thumb Code     0  startup_cms32f033x.o(.text)
    __2printf                                0x000001f5   Thumb Code    22  noretval__2printf.o(.text)
    _printf_pre_padding                      0x00000211   Thumb Code    44  _printf_pad.o(.text)
    _printf_post_padding                     0x0000023d   Thumb Code    34  _printf_pad.o(.text)
    _printf_str                              0x0000025f   Thumb Code    82  _printf_str.o(.text)
    _printf_int_dec                          0x000002b1   Thumb Code    90  _printf_dec.o(.text)
    _printf_int_hex                          0x0000031d   Thumb Code    84  _printf_hex_int.o(.text)
    _printf_longlong_hex                     0x0000031d   Thumb Code     0  _printf_hex_int.o(.text)
    __printf                                 0x00000375   Thumb Code   386  __printf_flags_ss_wp.o(.text)
    __aeabi_memcpy                           0x000004fd   Thumb Code   130  rt_memcpy.o(.text)
    __rt_memcpy                              0x000004fd   Thumb Code     0  rt_memcpy.o(.text)
    _memset_w                                0x0000057f   Thumb Code    26  rt_memclr.o(.text)
    _memset                                  0x00000599   Thumb Code    30  rt_memclr.o(.text)
    __aeabi_memclr                           0x000005b7   Thumb Code     4  rt_memclr.o(.text)
    __rt_memclr                              0x000005b7   Thumb Code     0  rt_memclr.o(.text)
    __aeabi_memclr4                          0x000005bb   Thumb Code     0  rt_memclr.o(.text)
    __aeabi_memclr8                          0x000005bb   Thumb Code     0  rt_memclr.o(.text)
    __rt_memclr_w                            0x000005bb   Thumb Code     4  rt_memclr.o(.text)
    __aeabi_uidiv                            0x000005bf   Thumb Code     0  aeabi_sdiv.o(.text)
    __aeabi_uidivmod                         0x000005bf   Thumb Code    20  aeabi_sdiv.o(.text)
    __aeabi_idiv                             0x000005d3   Thumb Code     0  aeabi_sdiv.o(.text)
    __aeabi_idivmod                          0x000005d3   Thumb Code   326  aeabi_sdiv.o(.text)
    __use_two_region_memory                  0x00000719   Thumb Code     2  heapauxi.o(.text)
    __rt_heap_escrow$2region                 0x0000071b   Thumb Code     2  heapauxi.o(.text)
    __rt_heap_expand$2region                 0x0000071d   Thumb Code     2  heapauxi.o(.text)
    _printf_int_common                       0x0000071f   Thumb Code   176  _printf_intcommon.o(.text)
    _printf_cs_common                        0x000007cf   Thumb Code    22  _printf_char.o(.text)
    _printf_char                             0x000007e5   Thumb Code    16  _printf_char.o(.text)
    _printf_string                           0x000007f5   Thumb Code     8  _printf_char.o(.text)
    _printf_char_file                        0x000007fd   Thumb Code    34  _printf_char_file.o(.text)
    __rt_udiv10                              0x00000825   Thumb Code    40  rtudiv10.o(.text)
    _printf_char_common                      0x00000857   Thumb Code    32  _printf_char_common.o(.text)
    __user_setup_stackheap                   0x0000087d   Thumb Code    62  sys_stackheap_outer.o(.text)
    exit                                     0x000008bb   Thumb Code    16  exit.o(.text)
    __user_libspace                          0x000008cd   Thumb Code     8  libspace.o(.text)
    __user_perproc_libspace                  0x000008cd   Thumb Code     0  libspace.o(.text)
    __user_perthread_libspace                0x000008cd   Thumb Code     0  libspace.o(.text)
    ACMP_IRQHandler                          0x000008d5   Thumb Code     2  isr.o(i.ACMP_IRQHandler)
    ADC1_IRQHandler                          0x000008d7   Thumb Code     2  isr.o(i.ADC1_IRQHandler)
    CCP_IRQHandler                           0x000008d9   Thumb Code     2  isr.o(i.CCP_IRQHandler)
    EPWM_IRQHandler                          0x000008db   Thumb Code     2  isr.o(i.EPWM_IRQHandler)
    FMC_ErasePage                            0x000008dd   Thumb Code    62  user_flash.o(i.FMC_ErasePage)
    FMC_Read                                 0x00000921   Thumb Code    30  user_flash.o(i.FMC_Read)
    FMC_Write                                0x00000945   Thumb Code    68  user_flash.o(i.FMC_Write)
    GPIO0_IRQHandler                         0x0000098d   Thumb Code     2  isr.o(i.GPIO0_IRQHandler)
    GPIO1_IRQHandler                         0x0000098f   Thumb Code     2  isr.o(i.GPIO1_IRQHandler)
    GPIO2_IRQHandler                         0x00000991   Thumb Code     2  isr.o(i.GPIO2_IRQHandler)
    GPIO3_IRQHandler                         0x00000995   Thumb Code    44  isr.o(i.GPIO3_IRQHandler)
    GPIO4_IRQHandler                         0x000009c9   Thumb Code    34  isr.o(i.GPIO4_IRQHandler)
    GPIO_ClearIntFlag                        0x000009f1   Thumb Code    12  gpio.o(i.GPIO_ClearIntFlag)
    GPIO_Config                              0x000009fd   Thumb Code   914  user_gpio.o(i.GPIO_Config)
    GPIO_EnableFilter                        0x00000d95   Thumb Code    24  gpio.o(i.GPIO_EnableFilter)
    GPIO_EnableInt                           0x00000dad   Thumb Code   110  gpio.o(i.GPIO_EnableInt)
    GPIO_GetIntFlag                          0x00000e1b   Thumb Code    22  gpio.o(i.GPIO_GetIntFlag)
    HardFault_Handler                        0x00000e31   Thumb Code     2  isr.o(i.HardFault_Handler)
    I2C_IRQHandler                           0x00000e33   Thumb Code     2  isr.o(i.I2C_IRQHandler)
    IAP_erase_user                           0x00000e35   Thumb Code    12  user_flash.o(i.IAP_erase_user)
    IAP_read_user                            0x00000e41   Thumb Code   140  user_flash.o(i.IAP_read_user)
    IAP_write_user                           0x00000ecd   Thumb Code   164  user_flash.o(i.IAP_write_user)
    Jump                                     0x00000f71   Thumb Code    42  main.o(i.Jump)
    LVD_IRQHandler                           0x00000fa1   Thumb Code     2  isr.o(i.LVD_IRQHandler)
    NMI_Handler                              0x00000fa3   Thumb Code     2  isr.o(i.NMI_Handler)
    PendSV_Handler                           0x00001135   Thumb Code     2  isr.o(i.PendSV_Handler)
    SPI_IRQHandler                           0x00001137   Thumb Code     2  isr.o(i.SPI_IRQHandler)
    SVC_Handler                              0x00001139   Thumb Code     2  isr.o(i.SVC_Handler)
    SYS_ConfigAHBClock                       0x0000113d   Thumb Code    50  system_1.o(i.SYS_ConfigAHBClock)
    SYS_ConfigAPBClock                       0x00001179   Thumb Code    16  system_1.o(i.SYS_ConfigAPBClock)
    SYS_ConfigHSI                            0x00001189   Thumb Code    32  system_1.o(i.SYS_ConfigHSI)
    SYS_EnableHSI                            0x000011ad   Thumb Code    24  system_1.o(i.SYS_EnableHSI)
    SYS_EnablePeripheralClk                  0x000011c9   Thumb Code    16  system_1.o(i.SYS_EnablePeripheralClk)
    SYS_GetHSIState                          0x000011d9   Thumb Code    12  system_1.o(i.SYS_GetHSIState)
    SysTick_Handler                          0x000011e5   Thumb Code     2  isr.o(i.SysTick_Handler)
    SystemCoreClockUpdate                    0x000011e9   Thumb Code   116  system_cms32f033x.o(i.SystemCoreClockUpdate)
    SystemInit                               0x0000126d   Thumb Code     2  system_cms32f033x.o(i.SystemInit)
    TMR0_IRQHandler                          0x00001271   Thumb Code   850  isr.o(i.TMR0_IRQHandler)
    TMR1_IRQHandler                          0x0000163d   Thumb Code    14  isr.o(i.TMR1_IRQHandler)
    TMR_ClearOverflowIntFlag                 0x00001651   Thumb Code     6  timer.o(i.TMR_ClearOverflowIntFlag)
    TMR_Config                               0x00001659   Thumb Code   144  user_time.o(i.TMR_Config)
    TMR_ConfigClk                            0x000016f1   Thumb Code    24  timer.o(i.TMR_ConfigClk)
    TMR_ConfigRunMode                        0x00001709   Thumb Code    22  timer.o(i.TMR_ConfigRunMode)
    TMR_DisableOneShotMode                   0x0000171f   Thumb Code    10  timer.o(i.TMR_DisableOneShotMode)
    TMR_EnableOverflowInt                    0x00001729   Thumb Code    10  timer.o(i.TMR_EnableOverflowInt)
    TMR_SetPeriod                            0x00001733   Thumb Code     4  timer.o(i.TMR_SetPeriod)
    TMR_Start                                0x00001737   Thumb Code    10  timer.o(i.TMR_Start)
    UART0_IRQHandler                         0x00001741   Thumb Code    90  isr.o(i.UART0_IRQHandler)
    UART1_IRQHandler                         0x000017a9   Thumb Code     2  isr.o(i.UART1_IRQHandler)
    UART_Config                              0x000017ab   Thumb Code    12  user_uart.o(i.UART_Config)
    UART_ConfigRunMode                       0x000017b9   Thumb Code    50  uart.o(i.UART_ConfigRunMode)
    UART_DisableAuto                         0x000017f1   Thumb Code    10  uart.o(i.UART_DisableAuto)
    UART_EnableRBRInt                        0x000017fb   Thumb Code    10  uart.o(i.UART_EnableRBRInt)
    UART_EnableTHREInt                       0x00001805   Thumb Code    10  uart.o(i.UART_EnableTHREInt)
    UART_ReadRBR                             0x0000180f   Thumb Code     6  uart.o(i.UART_ReadRBR)
    UART_UART0_Config                        0x00001815   Thumb Code    92  user_uart.o(i.UART_UART0_Config)
    UART_UART1_Config                        0x00001879   Thumb Code    42  user_uart.o(i.UART_UART1_Config)
    UART_WriteTHR                            0x000018a9   Thumb Code     4  uart.o(i.UART_WriteTHR)
    USART0_send_byte                         0x000018ad   Thumb Code    62  user_uart.o(i.USART0_send_byte)
    WDT_ClearOverflowIntFlag                 0x000018f9   Thumb Code    22  wdt.o(i.WDT_ClearOverflowIntFlag)
    WDT_ClearWDT                             0x0000191d   Thumb Code    22  wdt.o(i.WDT_ClearWDT)
    WDT_ConfigClk                            0x00001941   Thumb Code    38  wdt.o(i.WDT_ConfigClk)
    WDT_ConfigPeriod                         0x00001971   Thumb Code    18  wdt.o(i.WDT_ConfigPeriod)
    WDT_EnableRestSystem                     0x0000198d   Thumb Code    32  wdt.o(i.WDT_EnableRestSystem)
    WDT_IRQHandler                           0x000019b5   Thumb Code     2  isr.o(i.WDT_IRQHandler)
    WWDT_IRQHandler                          0x000019b7   Thumb Code     2  isr.o(i.WWDT_IRQHandler)
    __ARM_common_switch8                     0x000019b9   Thumb Code    28  isr.o(i.__ARM_common_switch8)
    _is_digit                                0x000019d5   Thumb Code    14  __printf_wp.o(i._is_digit)
    _sys_exit                                0x000019e3   Thumb Code     4  retarget.o(i._sys_exit)
    all_data_update                          0x000019e9   Thumb Code    22  protocol.o(i.all_data_update)
    byte_to_int                              0x00001a09   Thumb Code    26  mcu_api.o(i.byte_to_int)
    check_min_sys_time                       0x00001a25   Thumb Code    86  feed_process.o(i.check_min_sys_time)
    data_handle                              0x00001a85   Thumb Code   416  system.o(i.data_handle)
    delay_ms                                 0x00001c81   Thumb Code    50  user_time.o(i.delay_ms)
    dp_download_handle                       0x00001ce1   Thumb Code    66  protocol.o(i.dp_download_handle)
    eeprom_data_init                         0x00001dbd   Thumb Code   140  user_flash.o(i.eeprom_data_init)
    error_task                               0x00001e5d   Thumb Code    72  led.o(i.error_task)
    feed_key_isr                             0x00001ead   Thumb Code    62  tuya_wifi.o(i.feed_key_isr)
    feed_run                                 0x00001f05   Thumb Code    92  feed_process.o(i.feed_run)
    feed_scan                                0x00001f81   Thumb Code   270  feed_process.o(i.feed_scan)
    ferror                                   0x000020a9   Thumb Code     8  retarget.o(i.ferror)
    food_det_isr                             0x000020b1   Thumb Code    90  led.o(i.food_det_isr)
    fputc                                    0x00002115   Thumb Code    52  retarget.o(i.fputc)
    get_check_sum                            0x00002149   Thumb Code    28  system.o(i.get_check_sum)
    get_download_cmd_total                   0x00002191   Thumb Code     4  protocol.o(i.get_download_cmd_total)
    get_wifi_status                          0x000021a5   Thumb Code   288  protocol.o(i.get_wifi_status)
    led_task_link                            0x0000236f   Thumb Code    38  led.o(i.led_task_link)
    link_led_isr                             0x00002395   Thumb Code   162  tuya_wifi.o(i.link_led_isr)
    main                                     0x00002451   Thumb Code   804  main.o(i.main)
    mcu_dp_bool_update                       0x000028dd   Thumb Code    98  mcu_api.o(i.mcu_dp_bool_update)
    mcu_dp_enum_update                       0x00002945   Thumb Code    82  mcu_api.o(i.mcu_dp_enum_update)
    mcu_dp_fault_update                      0x0000299d   Thumb Code   190  mcu_api.o(i.mcu_dp_fault_update)
    mcu_dp_raw_update                        0x00002a65   Thumb Code   106  mcu_api.o(i.mcu_dp_raw_update)
    mcu_dp_value_update                      0x00002ad5   Thumb Code   116  mcu_api.o(i.mcu_dp_value_update)
    mcu_get_dp_download_bool                 0x00002b4d   Thumb Code     6  mcu_api.o(i.mcu_get_dp_download_bool)
    mcu_get_dp_download_value                0x00002b53   Thumb Code    14  mcu_api.o(i.mcu_get_dp_download_value)
    mcu_get_system_time                      0x00002b61   Thumb Code    14  mcu_api.o(i.mcu_get_system_time)
    mcu_get_wifi_connect_status              0x00002b6f   Thumb Code    14  mcu_api.o(i.mcu_get_wifi_connect_status)
    mcu_reset_wifi                           0x00002b7d   Thumb Code    20  mcu_api.o(i.mcu_reset_wifi)
    mcu_start_wifitest                       0x00002b95   Thumb Code    14  mcu_api.o(i.mcu_start_wifitest)
    mcu_write_rtctime                        0x00002ba5   Thumb Code    82  protocol.o(i.mcu_write_rtctime)
    motor                                    0x00002c31   Thumb Code   358  motor.o(i.motor)
    motor_contorl                            0x00002e35   Thumb Code    76  motor.o(i.motor_contorl)
    motor_run                                0x00002e81   Thumb Code   174  motor.o(i.motor_run)
    my_memcpy                                0x00002f71   Thumb Code    76  mcu_api.o(i.my_memcpy)
    my_memset                                0x00002fbd   Thumb Code    34  mcu_api.o(i.my_memset)
    my_strlen                                0x00002fdf   Thumb Code    28  mcu_api.o(i.my_strlen)
    printf_feed_info                         0x00002ffd   Thumb Code   100  user_flash.o(i.printf_feed_info)
    printf_func_info                         0x0000309d   Thumb Code    54  user_flash.o(i.printf_func_info)
    printf_rtc                               0x00003125   Thumb Code    32  rtc.o(i.printf_rtc)
    record_key_isr                           0x00003259   Thumb Code   264  tuya_wifi.o(i.record_key_isr)
    rtc_init                                 0x00003385   Thumb Code    12  rtc.o(i.rtc_init)
    rtc_task                                 0x000033c1   Thumb Code   182  rtc.o(i.rtc_task)
    send_feed_info                           0x00003485   Thumb Code   110  feed_process.o(i.send_feed_info)
    send_feed_state                          0x000034fd   Thumb Code    66  feed_process.o(i.send_feed_state)
    set_wifi_uart_buffer                     0x00003541   Thumb Code    30  system.o(i.set_wifi_uart_buffer)
    set_wifi_uart_byte                       0x00003565   Thumb Code    12  system.o(i.set_wifi_uart_byte)
    speak_reset_isr                          0x00003575   Thumb Code   160  tuya_wifi.o(i.speak_reset_isr)
    sys_init                                 0x00003625   Thumb Code    68  main.o(i.sys_init)
    take_byte_rxbuff                         0x0000366d   Thumb Code    46  system.o(i.take_byte_rxbuff)
    uart_receive_input                       0x000036a9   Thumb Code    74  mcu_api.o(i.uart_receive_input)
    uart_transmit_output                     0x00003701   Thumb Code    12  protocol.o(i.uart_transmit_output)
    upgrade_package_choose                   0x0000370d   Thumb Code    10  protocol.o(i.upgrade_package_choose)
    user_write_flash                         0x00003719   Thumb Code   102  user_flash.o(i.user_write_flash)
    wifi_protocol_init                       0x00003785   Thumb Code    18  mcu_api.o(i.wifi_protocol_init)
    wifi_test_result                         0x000037a9   Thumb Code    28  protocol.o(i.wifi_test_result)
    wifi_uart_service                        0x000037cd   Thumb Code   232  mcu_api.o(i.wifi_uart_service)
    wifi_uart_write_frame                    0x000038e5   Thumb Code    64  system.o(i.wifi_uart_write_frame)
    with_data_rxbuff                         0x00003929   Thumb Code    20  system.o(i.with_data_rxbuff)
    download_cmd                             0x00003944   Data          12  protocol.o(.constdata)
    Region$$Table$$Base                      0x0000398c   Number         0  anon$$obj.o(Region$$Table)
    Region$$Table$$Limit                     0x000039ac   Number         0  anon$$obj.o(Region$$Table)
    SystemCoreClock                          0x20000000   Data           4  system_cms32f033x.o(.data)
    SystemAPBClock                           0x20000004   Data           4  system_cms32f033x.o(.data)
    CyclesPerUs                              0x20000008   Data           4  system_cms32f033x.o(.data)
    HSIClock                                 0x2000000c   Data          16  system_cms32f033x.o(.data)
    net_flag                                 0x2000001c   Data           1  main.o(.data)
    send_feed_flag                           0x2000001d   Data           1  main.o(.data)
    WDT_time                                 0x2000001e   Data           1  main.o(.data)
    com0_flag                                0x2000001f   Data           1  main.o(.data)
    com1_flag                                0x20000020   Data           1  main.o(.data)
    com0_timeout                             0x20000021   Data           1  main.o(.data)
    com1_timeout                             0x20000022   Data           1  main.o(.data)
    get_time_error                           0x20000023   Data           1  main.o(.data)
    spk_reset_flag                           0x20000024   Data           1  isr.o(.data)
    record_flag                              0x20000025   Data           1  isr.o(.data)
    pwr_led_flag                             0x20000026   Data           1  isr.o(.data)
    wifi_test_bink_off_flag                  0x20000027   Data           1  isr.o(.data)
    wifi_test_bink_time_count                0x20000028   Data           1  isr.o(.data)
    RES_KEY_time                             0x2000002a   Data           2  isr.o(.data)
    record_key_flag                          0x2000002c   Data           1  isr.o(.data)
    lock_key_flag                            0x2000002d   Data           1  isr.o(.data)
    lock_timeout                             0x2000002e   Data           2  isr.o(.data)
    feed_error                               0x20000048   Data           1  motor.o(.data)
    send_error_again                         0x20000049   Data           1  motor.o(.data)
    feed_detect_sw                           0x2000004a   Data           1  motor.o(.data)
    task_feed_sw                             0x2000004c   Data           2  motor.o(.data)
    led_status_allow_feed                    0x2000004e   Data           1  motor.o(.data)
    feed_detect_again                        0x2000004f   Data           1  motor.o(.data)
    feed_required                            0x20000050   Data           1  motor.o(.data)
    feed_type                                0x20000051   Data           1  motor.o(.data)
    food_empty_flag                          0x20000052   Data           1  motor.o(.data)
    feed_info                                0x20000053   Data           5  motor.o(.data)
    task_run_led                             0x20000058   Data           1  led.o(.data)
    task_delay_led                           0x20000059   Data           1  led.o(.data)
    task_delay_error                         0x2000005a   Data           1  led.o(.data)
    task_run_motor                           0x2000005b   Data           1  led.o(.data)
    task_feed_again                          0x2000005c   Data           2  led.o(.data)
    ledtime_flag                             0x2000005e   Data           1  led.o(.data)
    led_task_static                          0x2000005f   Data           1  led.o(.data)
    rtc_date                                 0x20000061   Data           7  rtc.o(.data)
    task_delay_rtc                           0x20000068   Data           1  rtc.o(.data)
    display_time                             0x20000069   Data           1  rtc.o(.data)
    get_time_flag                            0x2000006a   Data           1  rtc.o(.data)
    link_led_time                            0x20000078   Data           2  tuya_wifi.o(.data)
    wifi_error_flag                          0x2000007a   Data           1  tuya_wifi.o(.data)
    link_led_open                            0x2000007b   Data           1  tuya_wifi.o(.data)
    link_led_open_long                       0x2000007c   Data           1  tuya_wifi.o(.data)
    wifi_test_flag                           0x2000007d   Data           1  tuya_wifi.o(.data)
    wifi_test_bink_time                      0x2000007e   Data           1  tuya_wifi.o(.data)
    wifi_tset                                0x2000007f   Data           1  tuya_wifi.o(.data)
    wifi_test_start_flag                     0x20000080   Data           1  tuya_wifi.o(.data)
    wifi_get_mode_delay_flag                 0x20000081   Data           1  tuya_wifi.o(.data)
    remaining_change                         0x20000082   Data           1  tuya_wifi.o(.data)
    SPK_EN_time                              0x20000083   Data           1  tuya_wifi.o(.data)
    reset_res_time                           0x20000084   Data           1  tuya_wifi.o(.data)
    rec_time_out                             0x20000086   Data           2  tuya_wifi.o(.data)
    key_dowm_time                            0x20000088   Data           1  tuya_wifi.o(.data)
    record_timeout_flag                      0x20000089   Data           1  tuya_wifi.o(.data)
    delay_flag                               0x2000008a   Data           1  tuya_wifi.o(.data)
    time_delay                               0x2000008c   Data           2  tuya_wifi.o(.data)
    key_time                                 0x20000090   Data           4  tuya_wifi.o(.data)
    key_time_flag                            0x20000094   Data           1  tuya_wifi.o(.data)
    reset_flag                               0x20000095   Data           1  tuya_wifi.o(.data)
    feed_one_flag_now                        0x20000096   Data           1  tuya_wifi.o(.data)
    SPK_EN_flag                              0x20000097   Data           1  tuya_wifi.o(.data)
    lock_key_task                            0x20000098   Data           1  tuya_wifi.o(.data)
    cancel_send_feed_error                   0x2000009d   Data           1  feed_process.o(.data)
    rtc_date_change                          0x2000009e   Data           1  feed_process.o(.data)
    F_transmit_0                             0x2000009f   Data           1  user_uart.o(.data)
    func_flag                                0x200000a0   Data           4  user_flash.o(.data)
    func_flag_default                        0x200000a4   Data           4  user_flash.o(.data)
    manual_mark                              0x200000ac   Data           1  protocol.o(.data)
    manual_feed                              0x200000b0   Data           4  protocol.o(.data)
    rx_buf_in                                0x200000b8   Data           4  system.o(.data)
    rx_buf_out                               0x200000bc   Data           4  system.o(.data)
    stop_update_flag                         0x200000c0   Data           1  system.o(.data)
    reset_wifi_flag                          0x200000c1   Data           1  system.o(.data)
    set_wifimode_flag                        0x200000c2   Data           1  system.o(.data)
    wifi_work_state                          0x200000c3   Data           1  system.o(.data)
    __stdout                                 0x200000d0   Data           4  retarget.o(.data)
    __stdin                                  0x200000d4   Data           4  retarget.o(.data)
    flash_feed_info                          0x200000d8   Data          52  user_flash.o(.bss)
    wifi_data_process_buf                    0x2000010c   Data         135  system.o(.bss)
    wifi_uart_rx_buf                         0x20000193   Data         135  system.o(.bss)
    wifi_uart_tx_buf                         0x2000021a   Data         135  system.o(.bss)
    __libspace_start                         0x200002a4   Data          96  libspace.o(.bss)
    __temporary_stack_top$libspace           0x20000304   Data           0  libspace.o(.bss)



==============================================================================

Memory Map of the image

  Image Entry point : 0x000000c1

  Load Region LR_IROM1 (Base: 0x00000000, Size: 0x00003a84, Max: 0x00008000, ABSOLUTE)

    Execution Region ER_IROM1 (Exec base: 0x00000000, Load base: 0x00000000, Size: 0x000039ac, Max: 0x00008000, ABSOLUTE)

    Exec Addr    Load Addr    Size         Type   Attr      Idx    E Section Name        Object

    0x00000000   0x00000000   0x000000c0   Data   RO            3    RESET               startup_cms32f033x.o
    0x000000c0   0x000000c0   0x00000008   Code   RO         3252  * !!!main             c_p.l(__main.o)
    0x000000c8   0x000000c8   0x0000003c   Code   RO         3432    !!!scatter          c_p.l(__scatter.o)
    0x00000104   0x00000104   0x0000001a   Code   RO         3434    !!handler_copy      c_p.l(__scatter_copy.o)
    0x0000011e   0x0000011e   0x00000002   PAD
    0x00000120   0x00000120   0x0000001c   Code   RO         3436    !!handler_zi        c_p.l(__scatter_zi.o)
    0x0000013c   0x0000013c   0x00000002   Code   RO         3239    .ARM.Collect$$_printf_percent$$00000000  c_p.l(_printf_percent.o)
    0x0000013e   0x0000013e   0x0000000a   Code   RO         3238    .ARM.Collect$$_printf_percent$$00000009  c_p.l(_printf_d.o)
    0x00000148   0x00000148   0x0000000a   Code   RO         3237    .ARM.Collect$$_printf_percent$$0000000C  c_p.l(_printf_x.o)
    0x00000152   0x00000152   0x0000000a   Code   RO         3236    .ARM.Collect$$_printf_percent$$00000014  c_p.l(_printf_s.o)
    0x0000015c   0x0000015c   0x00000004   Code   RO         3265    .ARM.Collect$$_printf_percent$$00000017  c_p.l(_printf_percent_end.o)
    0x00000160   0x00000160   0x00000002   Code   RO         3303    .ARM.Collect$$libinit$$00000000  c_p.l(libinit.o)
    0x00000162   0x00000162   0x00000000   Code   RO         3317    .ARM.Collect$$libinit$$00000002  c_p.l(libinit2.o)
    0x00000162   0x00000162   0x00000000   Code   RO         3319    .ARM.Collect$$libinit$$00000004  c_p.l(libinit2.o)
    0x00000162   0x00000162   0x00000000   Code   RO         3322    .ARM.Collect$$libinit$$0000000A  c_p.l(libinit2.o)
    0x00000162   0x00000162   0x00000000   Code   RO         3324    .ARM.Collect$$libinit$$0000000C  c_p.l(libinit2.o)
    0x00000162   0x00000162   0x00000000   Code   RO         3326    .ARM.Collect$$libinit$$0000000E  c_p.l(libinit2.o)
    0x00000162   0x00000162   0x00000000   Code   RO         3329    .ARM.Collect$$libinit$$00000011  c_p.l(libinit2.o)
    0x00000162   0x00000162   0x00000000   Code   RO         3331    .ARM.Collect$$libinit$$00000013  c_p.l(libinit2.o)
    0x00000162   0x00000162   0x00000000   Code   RO         3333    .ARM.Collect$$libinit$$00000015  c_p.l(libinit2.o)
    0x00000162   0x00000162   0x00000000   Code   RO         3335    .ARM.Collect$$libinit$$00000017  c_p.l(libinit2.o)
    0x00000162   0x00000162   0x00000000   Code   RO         3337    .ARM.Collect$$libinit$$00000019  c_p.l(libinit2.o)
    0x00000162   0x00000162   0x00000000   Code   RO         3339    .ARM.Collect$$libinit$$0000001B  c_p.l(libinit2.o)
    0x00000162   0x00000162   0x00000000   Code   RO         3341    .ARM.Collect$$libinit$$0000001D  c_p.l(libinit2.o)
    0x00000162   0x00000162   0x00000000   Code   RO         3343    .ARM.Collect$$libinit$$0000001F  c_p.l(libinit2.o)
    0x00000162   0x00000162   0x00000000   Code   RO         3345    .ARM.Collect$$libinit$$00000021  c_p.l(libinit2.o)
    0x00000162   0x00000162   0x00000000   Code   RO         3347    .ARM.Collect$$libinit$$00000023  c_p.l(libinit2.o)
    0x00000162   0x00000162   0x00000000   Code   RO         3349    .ARM.Collect$$libinit$$00000025  c_p.l(libinit2.o)
    0x00000162   0x00000162   0x00000000   Code   RO         3353    .ARM.Collect$$libinit$$0000002C  c_p.l(libinit2.o)
    0x00000162   0x00000162   0x00000000   Code   RO         3355    .ARM.Collect$$libinit$$0000002E  c_p.l(libinit2.o)
    0x00000162   0x00000162   0x00000000   Code   RO         3357    .ARM.Collect$$libinit$$00000030  c_p.l(libinit2.o)
    0x00000162   0x00000162   0x00000000   Code   RO         3359    .ARM.Collect$$libinit$$00000032  c_p.l(libinit2.o)
    0x00000162   0x00000162   0x00000002   Code   RO         3360    .ARM.Collect$$libinit$$00000033  c_p.l(libinit2.o)
    0x00000164   0x00000164   0x00000002   Code   RO         3384    .ARM.Collect$$libshutdown$$00000000  c_p.l(libshutdown.o)
    0x00000166   0x00000166   0x00000000   Code   RO         3410    .ARM.Collect$$libshutdown$$00000002  c_p.l(libshutdown2.o)
    0x00000166   0x00000166   0x00000000   Code   RO         3412    .ARM.Collect$$libshutdown$$00000004  c_p.l(libshutdown2.o)
    0x00000166   0x00000166   0x00000000   Code   RO         3414    .ARM.Collect$$libshutdown$$00000006  c_p.l(libshutdown2.o)
    0x00000166   0x00000166   0x00000000   Code   RO         3417    .ARM.Collect$$libshutdown$$00000009  c_p.l(libshutdown2.o)
    0x00000166   0x00000166   0x00000000   Code   RO         3420    .ARM.Collect$$libshutdown$$0000000C  c_p.l(libshutdown2.o)
    0x00000166   0x00000166   0x00000000   Code   RO         3422    .ARM.Collect$$libshutdown$$0000000E  c_p.l(libshutdown2.o)
    0x00000166   0x00000166   0x00000000   Code   RO         3425    .ARM.Collect$$libshutdown$$00000011  c_p.l(libshutdown2.o)
    0x00000166   0x00000166   0x00000002   Code   RO         3426    .ARM.Collect$$libshutdown$$00000012  c_p.l(libshutdown2.o)
    0x00000168   0x00000168   0x00000000   Code   RO         3254    .ARM.Collect$$rtentry$$00000000  c_p.l(__rtentry.o)
    0x00000168   0x00000168   0x00000000   Code   RO         3269    .ARM.Collect$$rtentry$$00000002  c_p.l(__rtentry2.o)
    0x00000168   0x00000168   0x00000006   Code   RO         3281    .ARM.Collect$$rtentry$$00000004  c_p.l(__rtentry4.o)
    0x0000016e   0x0000016e   0x00000000   Code   RO         3271    .ARM.Collect$$rtentry$$00000009  c_p.l(__rtentry2.o)
    0x0000016e   0x0000016e   0x00000004   Code   RO         3272    .ARM.Collect$$rtentry$$0000000A  c_p.l(__rtentry2.o)
    0x00000172   0x00000172   0x00000000   Code   RO         3274    .ARM.Collect$$rtentry$$0000000C  c_p.l(__rtentry2.o)
    0x00000172   0x00000172   0x00000008   Code   RO         3275    .ARM.Collect$$rtentry$$0000000D  c_p.l(__rtentry2.o)
    0x0000017a   0x0000017a   0x00000002   Code   RO         3308    .ARM.Collect$$rtexit$$00000000  c_p.l(rtexit.o)
    0x0000017c   0x0000017c   0x00000000   Code   RO         3362    .ARM.Collect$$rtexit$$00000002  c_p.l(rtexit2.o)
    0x0000017c   0x0000017c   0x00000004   Code   RO         3363    .ARM.Collect$$rtexit$$00000003  c_p.l(rtexit2.o)
    0x00000180   0x00000180   0x00000006   Code   RO         3364    .ARM.Collect$$rtexit$$00000004  c_p.l(rtexit2.o)
    0x00000186   0x00000186   0x00000002   PAD
    0x00000188   0x00000188   0x00000038   Code   RO         3240    .emb_text           c_p.l(rt_memcpy.o)
    0x000001c0   0x000001c0   0x00000034   Code   RO            4    .text               startup_cms32f033x.o
    0x000001f4   0x000001f4   0x0000001c   Code   RO         3185    .text               c_p.l(noretval__2printf.o)
    0x00000210   0x00000210   0x0000004e   Code   RO         3189    .text               c_p.l(_printf_pad.o)
    0x0000025e   0x0000025e   0x00000052   Code   RO         3191    .text               c_p.l(_printf_str.o)
    0x000002b0   0x000002b0   0x0000006c   Code   RO         3193    .text               c_p.l(_printf_dec.o)
    0x0000031c   0x0000031c   0x00000058   Code   RO         3198    .text               c_p.l(_printf_hex_int.o)
    0x00000374   0x00000374   0x00000188   Code   RO         3233    .text               c_p.l(__printf_flags_ss_wp.o)
    0x000004fc   0x000004fc   0x00000082   Code   RO         3241    .text               c_p.l(rt_memcpy.o)
    0x0000057e   0x0000057e   0x00000040   Code   RO         3244    .text               c_p.l(rt_memclr.o)
    0x000005be   0x000005be   0x0000015a   Code   RO         3246    .text               c_p.l(aeabi_sdiv.o)
    0x00000718   0x00000718   0x00000006   Code   RO         3250    .text               c_p.l(heapauxi.o)
    0x0000071e   0x0000071e   0x000000b0   Code   RO         3259    .text               c_p.l(_printf_intcommon.o)
    0x000007ce   0x000007ce   0x0000002e   Code   RO         3261    .text               c_p.l(_printf_char.o)
    0x000007fc   0x000007fc   0x00000028   Code   RO         3263    .text               c_p.l(_printf_char_file.o)
    0x00000824   0x00000824   0x00000028   Code   RO         3266    .text               c_p.l(rtudiv10.o)
    0x0000084c   0x0000084c   0x00000030   Code   RO         3285    .text               c_p.l(_printf_char_common.o)
    0x0000087c   0x0000087c   0x0000003e   Code   RO         3287    .text               c_p.l(sys_stackheap_outer.o)
    0x000008ba   0x000008ba   0x00000010   Code   RO         3292    .text               c_p.l(exit.o)
    0x000008ca   0x000008ca   0x00000002   PAD
    0x000008cc   0x000008cc   0x00000008   Code   RO         3304    .text               c_p.l(libspace.o)
    0x000008d4   0x000008d4   0x00000002   Code   RO          214    i.ACMP_IRQHandler   isr.o
    0x000008d6   0x000008d6   0x00000002   Code   RO          215    i.ADC1_IRQHandler   isr.o
    0x000008d8   0x000008d8   0x00000002   Code   RO          216    i.CCP_IRQHandler    isr.o
    0x000008da   0x000008da   0x00000002   Code   RO          217    i.EPWM_IRQHandler   isr.o
    0x000008dc   0x000008dc   0x00000044   Code   RO          756    i.FMC_ErasePage     user_flash.o
    0x00000920   0x00000920   0x00000024   Code   RO          757    i.FMC_Read          user_flash.o
    0x00000944   0x00000944   0x00000048   Code   RO          758    i.FMC_Write         user_flash.o
    0x0000098c   0x0000098c   0x00000002   Code   RO          218    i.GPIO0_IRQHandler  isr.o
    0x0000098e   0x0000098e   0x00000002   Code   RO          219    i.GPIO1_IRQHandler  isr.o
    0x00000990   0x00000990   0x00000002   Code   RO          220    i.GPIO2_IRQHandler  isr.o
    0x00000992   0x00000992   0x00000002   PAD
    0x00000994   0x00000994   0x00000034   Code   RO          221    i.GPIO3_IRQHandler  isr.o
    0x000009c8   0x000009c8   0x00000028   Code   RO          222    i.GPIO4_IRQHandler  isr.o
    0x000009f0   0x000009f0   0x0000000c   Code   RO         2036    i.GPIO_ClearIntFlag  gpio.o
    0x000009fc   0x000009fc   0x00000398   Code   RO          627    i.GPIO_Config       user_gpio.o
    0x00000d94   0x00000d94   0x00000018   Code   RO         2040    i.GPIO_EnableFilter  gpio.o
    0x00000dac   0x00000dac   0x0000006e   Code   RO         2041    i.GPIO_EnableInt    gpio.o
    0x00000e1a   0x00000e1a   0x00000016   Code   RO         2042    i.GPIO_GetIntFlag   gpio.o
    0x00000e30   0x00000e30   0x00000002   Code   RO          223    i.HardFault_Handler  isr.o
    0x00000e32   0x00000e32   0x00000002   Code   RO          224    i.I2C_IRQHandler    isr.o
    0x00000e34   0x00000e34   0x0000000c   Code   RO          759    i.IAP_erase_user    user_flash.o
    0x00000e40   0x00000e40   0x0000008c   Code   RO          760    i.IAP_read_user     user_flash.o
    0x00000ecc   0x00000ecc   0x000000a4   Code   RO          761    i.IAP_write_user    user_flash.o
    0x00000f70   0x00000f70   0x00000030   Code   RO          111    i.Jump              main.o
    0x00000fa0   0x00000fa0   0x00000002   Code   RO          225    i.LVD_IRQHandler    isr.o
    0x00000fa2   0x00000fa2   0x00000002   Code   RO          226    i.NMI_Handler       isr.o
    0x00000fa4   0x00000fa4   0x00000014   Code   RO          628    i.NVIC_EnableIRQ    user_gpio.o
    0x00000fb8   0x00000fb8   0x00000014   Code   RO          660    i.NVIC_EnableIRQ    user_time.o
    0x00000fcc   0x00000fcc   0x00000078   Code   RO          629    i.NVIC_SetPriority  user_gpio.o
    0x00001044   0x00001044   0x00000078   Code   RO          661    i.NVIC_SetPriority  user_time.o
    0x000010bc   0x000010bc   0x00000078   Code   RO          696    i.NVIC_SetPriority  user_uart.o
    0x00001134   0x00001134   0x00000002   Code   RO          227    i.PendSV_Handler    isr.o
    0x00001136   0x00001136   0x00000002   Code   RO          228    i.SPI_IRQHandler    isr.o
    0x00001138   0x00001138   0x00000002   Code   RO          229    i.SVC_Handler       isr.o
    0x0000113a   0x0000113a   0x00000002   PAD
    0x0000113c   0x0000113c   0x0000003c   Code   RO         2580    i.SYS_ConfigAHBClock  system_1.o
    0x00001178   0x00001178   0x00000010   Code   RO         2581    i.SYS_ConfigAPBClock  system_1.o
    0x00001188   0x00001188   0x00000024   Code   RO         2583    i.SYS_ConfigHSI     system_1.o
    0x000011ac   0x000011ac   0x0000001c   Code   RO         2591    i.SYS_EnableHSI     system_1.o
    0x000011c8   0x000011c8   0x00000010   Code   RO         2593    i.SYS_EnablePeripheralClk  system_1.o
    0x000011d8   0x000011d8   0x0000000c   Code   RO         2597    i.SYS_GetHSIState   system_1.o
    0x000011e4   0x000011e4   0x00000002   Code   RO          230    i.SysTick_Handler   isr.o
    0x000011e6   0x000011e6   0x00000002   PAD
    0x000011e8   0x000011e8   0x00000084   Code   RO           12    i.SystemCoreClockUpdate  system_cms32f033x.o
    0x0000126c   0x0000126c   0x00000002   Code   RO           13    i.SystemInit        system_cms32f033x.o
    0x0000126e   0x0000126e   0x00000002   PAD
    0x00001270   0x00001270   0x000003cc   Code   RO          231    i.TMR0_IRQHandler   isr.o
    0x0000163c   0x0000163c   0x00000014   Code   RO          232    i.TMR1_IRQHandler   isr.o
    0x00001650   0x00001650   0x00000006   Code   RO         2737    i.TMR_ClearOverflowIntFlag  timer.o
    0x00001656   0x00001656   0x00000002   PAD
    0x00001658   0x00001658   0x00000098   Code   RO          662    i.TMR_Config        user_time.o
    0x000016f0   0x000016f0   0x00000018   Code   RO         2738    i.TMR_ConfigClk     timer.o
    0x00001708   0x00001708   0x00000016   Code   RO         2739    i.TMR_ConfigRunMode  timer.o
    0x0000171e   0x0000171e   0x0000000a   Code   RO         2740    i.TMR_DisableOneShotMode  timer.o
    0x00001728   0x00001728   0x0000000a   Code   RO         2743    i.TMR_EnableOverflowInt  timer.o
    0x00001732   0x00001732   0x00000004   Code   RO         2746    i.TMR_SetPeriod     timer.o
    0x00001736   0x00001736   0x0000000a   Code   RO         2747    i.TMR_Start         timer.o
    0x00001740   0x00001740   0x00000068   Code   RO          233    i.UART0_IRQHandler  isr.o
    0x000017a8   0x000017a8   0x00000002   Code   RO          234    i.UART1_IRQHandler  isr.o
    0x000017aa   0x000017aa   0x0000000c   Code   RO          697    i.UART_Config       user_uart.o
    0x000017b6   0x000017b6   0x00000002   PAD
    0x000017b8   0x000017b8   0x00000038   Code   RO         2823    i.UART_ConfigRunMode  uart.o
    0x000017f0   0x000017f0   0x0000000a   Code   RO         2824    i.UART_DisableAuto  uart.o
    0x000017fa   0x000017fa   0x0000000a   Code   RO         2841    i.UART_EnableRBRInt  uart.o
    0x00001804   0x00001804   0x0000000a   Code   RO         2845    i.UART_EnableTHREInt  uart.o
    0x0000180e   0x0000180e   0x00000006   Code   RO         2852    i.UART_ReadRBR      uart.o
    0x00001814   0x00001814   0x00000064   Code   RO          698    i.UART_UART0_Config  user_uart.o
    0x00001878   0x00001878   0x00000030   Code   RO          699    i.UART_UART1_Config  user_uart.o
    0x000018a8   0x000018a8   0x00000004   Code   RO         2855    i.UART_WriteTHR     uart.o
    0x000018ac   0x000018ac   0x0000004c   Code   RO          700    i.USART0_send_byte  user_uart.o
    0x000018f8   0x000018f8   0x00000024   Code   RO         3035    i.WDT_ClearOverflowIntFlag  wdt.o
    0x0000191c   0x0000191c   0x00000024   Code   RO         3036    i.WDT_ClearWDT      wdt.o
    0x00001940   0x00001940   0x00000030   Code   RO         3037    i.WDT_ConfigClk     wdt.o
    0x00001970   0x00001970   0x0000001c   Code   RO         3038    i.WDT_ConfigPeriod  wdt.o
    0x0000198c   0x0000198c   0x00000028   Code   RO         3042    i.WDT_EnableRestSystem  wdt.o
    0x000019b4   0x000019b4   0x00000002   Code   RO          235    i.WDT_IRQHandler    isr.o
    0x000019b6   0x000019b6   0x00000002   Code   RO          236    i.WWDT_IRQHandler   isr.o
    0x000019b8   0x000019b8   0x0000001c   Code   RO          364    i.__ARM_common_switch8  isr.o
    0x000019d4   0x000019d4   0x0000000e   Code   RO         3226    i._is_digit         c_p.l(__printf_wp.o)
    0x000019e2   0x000019e2   0x00000004   Code   RO         2412    i._sys_exit         retarget.o
    0x000019e6   0x000019e6   0x00000002   PAD
    0x000019e8   0x000019e8   0x00000020   Code   RO         1022    i.all_data_update   protocol.o
    0x00001a08   0x00001a08   0x0000001a   Code   RO          852    i.byte_to_int       mcu_api.o
    0x00001a22   0x00001a22   0x00000002   PAD
    0x00001a24   0x00001a24   0x00000060   Code   RO          577    i.check_min_sys_time  feed_process.o
    0x00001a84   0x00001a84   0x000001bc   Code   RO         1106    i.data_handle       system.o
    0x00001c40   0x00001c40   0x00000040   Code   RO         1107    i.data_point_handle  system.o
    0x00001c80   0x00001c80   0x00000032   Code   RO          663    i.delay_ms          user_time.o
    0x00001cb2   0x00001cb2   0x00000002   PAD
    0x00001cb4   0x00001cb4   0x0000002c   Code   RO         1023    i.dp_download_factory_reset_handle  protocol.o
    0x00001ce0   0x00001ce0   0x00000042   Code   RO         1024    i.dp_download_handle  protocol.o
    0x00001d22   0x00001d22   0x00000002   PAD
    0x00001d24   0x00001d24   0x00000050   Code   RO         1025    i.dp_download_manual_feed_handle  protocol.o
    0x00001d74   0x00001d74   0x00000048   Code   RO         1026    i.dp_download_meal_plan_handle  protocol.o
    0x00001dbc   0x00001dbc   0x000000a0   Code   RO          762    i.eeprom_data_init  user_flash.o
    0x00001e5c   0x00001e5c   0x00000050   Code   RO          430    i.error_task        led.o
    0x00001eac   0x00001eac   0x00000058   Code   RO          532    i.feed_key_isr      tuya_wifi.o
    0x00001f04   0x00001f04   0x0000007c   Code   RO          578    i.feed_run          feed_process.o
    0x00001f80   0x00001f80   0x00000128   Code   RO          579    i.feed_scan         feed_process.o
    0x000020a8   0x000020a8   0x00000008   Code   RO         2414    i.ferror            retarget.o
    0x000020b0   0x000020b0   0x00000064   Code   RO          431    i.food_det_isr      led.o
    0x00002114   0x00002114   0x00000034   Code   RO         2416    i.fputc             retarget.o
    0x00002148   0x00002148   0x0000001c   Code   RO         1108    i.get_check_sum     system.o
    0x00002164   0x00002164   0x0000002c   Code   RO         1109    i.get_dowmload_dpid_index  system.o
    0x00002190   0x00002190   0x00000004   Code   RO         1027    i.get_download_cmd_total  protocol.o
    0x00002194   0x00002194   0x00000010   Code   RO         1110    i.get_mcu_wifi_mode  system.o
    0x000021a4   0x000021a4   0x0000015c   Code   RO         1028    i.get_wifi_status   protocol.o
    0x00002300   0x00002300   0x00000038   Code   RO         1111    i.heat_beat_check   system.o
    0x00002338   0x00002338   0x00000036   Code   RO          483    i.is_leap_year      rtc.o
    0x0000236e   0x0000236e   0x00000026   Code   RO          433    i.led_task_link     led.o
    0x00002394   0x00002394   0x000000bc   Code   RO          533    i.link_led_isr      tuya_wifi.o
    0x00002450   0x00002450   0x0000048c   Code   RO          112    i.main              main.o
    0x000028dc   0x000028dc   0x00000068   Code   RO          853    i.mcu_dp_bool_update  mcu_api.o
    0x00002944   0x00002944   0x00000058   Code   RO          854    i.mcu_dp_enum_update  mcu_api.o
    0x0000299c   0x0000299c   0x000000c8   Code   RO          855    i.mcu_dp_fault_update  mcu_api.o
    0x00002a64   0x00002a64   0x00000070   Code   RO          856    i.mcu_dp_raw_update  mcu_api.o
    0x00002ad4   0x00002ad4   0x00000078   Code   RO          857    i.mcu_dp_value_update  mcu_api.o
    0x00002b4c   0x00002b4c   0x00000006   Code   RO          858    i.mcu_get_dp_download_bool  mcu_api.o
    0x00002b52   0x00002b52   0x0000000e   Code   RO          859    i.mcu_get_dp_download_value  mcu_api.o
    0x00002b60   0x00002b60   0x0000000e   Code   RO          860    i.mcu_get_system_time  mcu_api.o
    0x00002b6e   0x00002b6e   0x0000000e   Code   RO          861    i.mcu_get_wifi_connect_status  mcu_api.o
    0x00002b7c   0x00002b7c   0x00000018   Code   RO          862    i.mcu_reset_wifi    mcu_api.o
    0x00002b94   0x00002b94   0x0000000e   Code   RO          863    i.mcu_start_wifitest  mcu_api.o
    0x00002ba2   0x00002ba2   0x00000002   PAD
    0x00002ba4   0x00002ba4   0x0000008c   Code   RO         1029    i.mcu_write_rtctime  protocol.o
    0x00002c30   0x00002c30   0x00000204   Code   RO          386    i.motor             motor.o
    0x00002e34   0x00002e34   0x0000004c   Code   RO          387    i.motor_contorl     motor.o
    0x00002e80   0x00002e80   0x000000f0   Code   RO          388    i.motor_run         motor.o
    0x00002f70   0x00002f70   0x0000004c   Code   RO          864    i.my_memcpy         mcu_api.o
    0x00002fbc   0x00002fbc   0x00000022   Code   RO          865    i.my_memset         mcu_api.o
    0x00002fde   0x00002fde   0x0000001c   Code   RO          866    i.my_strlen         mcu_api.o
    0x00002ffa   0x00002ffa   0x00000002   PAD
    0x00002ffc   0x00002ffc   0x000000a0   Code   RO          763    i.printf_feed_info  user_flash.o
    0x0000309c   0x0000309c   0x00000088   Code   RO          764    i.printf_func_info  user_flash.o
    0x00003124   0x00003124   0x00000054   Code   RO          484    i.printf_rtc        rtc.o
    0x00003178   0x00003178   0x000000e0   Code   RO         1112    i.product_info_update  system.o
    0x00003258   0x00003258   0x0000012c   Code   RO          534    i.record_key_isr    tuya_wifi.o
    0x00003384   0x00003384   0x00000010   Code   RO          485    i.rtc_init          rtc.o
    0x00003394   0x00003394   0x0000002c   Code   RO          486    i.rtc_month_days    rtc.o
    0x000033c0   0x000033c0   0x000000c4   Code   RO          487    i.rtc_task          rtc.o
    0x00003484   0x00003484   0x00000078   Code   RO          580    i.send_feed_info    feed_process.o
    0x000034fc   0x000034fc   0x00000042   Code   RO          581    i.send_feed_state   feed_process.o
    0x0000353e   0x0000353e   0x00000002   PAD
    0x00003540   0x00003540   0x00000024   Code   RO         1113    i.set_wifi_uart_buffer  system.o
    0x00003564   0x00003564   0x00000010   Code   RO         1114    i.set_wifi_uart_byte  system.o
    0x00003574   0x00003574   0x000000b0   Code   RO          535    i.speak_reset_isr   tuya_wifi.o
    0x00003624   0x00003624   0x00000048   Code   RO          113    i.sys_init          main.o
    0x0000366c   0x0000366c   0x0000003c   Code   RO         1115    i.take_byte_rxbuff  system.o
    0x000036a8   0x000036a8   0x00000058   Code   RO          867    i.uart_receive_input  mcu_api.o
    0x00003700   0x00003700   0x0000000c   Code   RO         1030    i.uart_transmit_output  protocol.o
    0x0000370c   0x0000370c   0x0000000a   Code   RO         1031    i.upgrade_package_choose  protocol.o
    0x00003716   0x00003716   0x00000002   PAD
    0x00003718   0x00003718   0x0000006c   Code   RO          765    i.user_write_flash  user_flash.o
    0x00003784   0x00003784   0x00000024   Code   RO          868    i.wifi_protocol_init  mcu_api.o
    0x000037a8   0x000037a8   0x00000024   Code   RO         1032    i.wifi_test_result  protocol.o
    0x000037cc   0x000037cc   0x000000f0   Code   RO          869    i.wifi_uart_service  mcu_api.o
    0x000038bc   0x000038bc   0x00000028   Code   RO         1116    i.wifi_uart_write_data  system.o
    0x000038e4   0x000038e4   0x00000044   Code   RO         1117    i.wifi_uart_write_frame  system.o
    0x00003928   0x00003928   0x0000001c   Code   RO         1118    i.with_data_rxbuff  system.o
    0x00003944   0x00003944   0x0000000c   Data   RO         1033    .constdata          protocol.o
    0x00003950   0x00003950   0x00000028   Data   RO         3199    .constdata          c_p.l(_printf_hex_int.o)
    0x00003978   0x00003978   0x00000011   Data   RO         3234    .constdata          c_p.l(__printf_flags_ss_wp.o)
    0x00003989   0x00003989   0x00000003   PAD
    0x0000398c   0x0000398c   0x00000020   Data   RO         3430    Region$$Table       anon$$obj.o


    Execution Region RW_IRAM1 (Exec base: 0x20000000, Load base: 0x000039ac, Size: 0x00000b08, Max: 0x00002000, ABSOLUTE)

    Exec Addr    Load Addr    Size         Type   Attr      Idx    E Section Name        Object

    0x20000000   0x000039ac   0x0000001c   Data   RW           14    .data               system_cms32f033x.o
    0x2000001c   0x000039c8   0x00000008   Data   RW          114    .data               main.o
    0x20000024   0x000039d0   0x00000024   Data   RW          237    .data               isr.o
    0x20000048   0x000039f4   0x00000010   Data   RW          389    .data               motor.o
    0x20000058   0x00003a04   0x00000009   Data   RW          434    .data               led.o
    0x20000061   0x00003a0d   0x00000016   Data   RW          488    .data               rtc.o
    0x20000077   0x00003a23   0x00000001   PAD
    0x20000078   0x00003a24   0x00000025   Data   RW          536    .data               tuya_wifi.o
    0x2000009d   0x00003a49   0x00000002   Data   RW          582    .data               feed_process.o
    0x2000009f   0x00003a4b   0x00000001   Data   RW          702    .data               user_uart.o
    0x200000a0   0x00003a4c   0x00000008   Data   RW          767    .data               user_flash.o
    0x200000a8   0x00003a54   0x00000002   Data   RW          870    .data               mcu_api.o
    0x200000aa   0x00003a56   0x00000002   PAD
    0x200000ac   0x00003a58   0x0000000a   Data   RW         1034    .data               protocol.o
    0x200000b6   0x00003a62   0x00000002   PAD
    0x200000b8   0x00003a64   0x00000015   Data   RW         1120    .data               system.o
    0x200000cd   0x00003a79   0x00000003   PAD
    0x200000d0   0x00003a7c   0x00000008   Data   RW         2417    .data               retarget.o
    0x200000d8        -       0x00000034   Zero   RW          766    .bss                user_flash.o
    0x2000010c        -       0x00000195   Zero   RW         1119    .bss                system.o
    0x200002a1   0x00003a84   0x00000003   PAD
    0x200002a4        -       0x00000060   Zero   RW         3305    .bss                c_p.l(libspace.o)
    0x20000304   0x00003a84   0x00000004   PAD
    0x20000308        -       0x00000000   Zero   RW            2    HEAP                startup_cms32f033x.o
    0x20000308        -       0x00000800   Zero   RW            1    STACK               startup_cms32f033x.o


==============================================================================

Image component sizes


      Code (inc. data)   RO Data    RW Data    ZI Data      Debug   Object Name

       702         78          0          2          0       3696   feed_process.o
       168          8          0          0          0       2435   gpio.o
      1252        166          0         36          0      23165   isr.o
       218         18          0          9          0       1659   led.o
      1284        370          0          8          0      15421   main.o
      1238         76          0          2          0      52199   mcu_api.o
       832        224          0         16          0       5644   motor.o
       844        196         12         10          0       6820   protocol.o
        64          0          0          8          0       3175   retarget.o
       394         74          0         22          0       3374   rtc.o
        52         22        192          0       2048        676   startup_cms32f033x.o
      1124        144          0         21        405       9674   system.o
       168         18          0          0          0       2878   system_1.o
       134         16          0         28          0      46767   system_cms32f033x.o
        86          0          0          0          0       3632   timer.o
       752        104          0         37          0       3164   tuya_wifi.o
        96          6          0          0          0       3240   uart.o
      1056        184          0          8         52       8725   user_flash.o
      1060         22          0          0          0       7814   user_gpio.o
       342         24          0          0          0       1836   user_time.o
       356         38          0          1          0       8908   user_uart.o
       188         56          0          0          0       2140   wdt.o

    ----------------------------------------------------------------------
     12438       1844        236        216       2508     217042   Object Totals
         0          0         32          0          0          0   (incl. Generated)
        28          0          0          8          3          0   (incl. Padding)

    ----------------------------------------------------------------------

      Code (inc. data)   RO Data    RW Data    ZI Data      Debug   Library Member Name

         8          0          0          0          0         68   __main.o
       392          6         17          0          0         76   __printf_flags_ss_wp.o
        14          0          0          0          0         60   __printf_wp.o
         0          0          0          0          0          0   __rtentry.o
        12          0          0          0          0          0   __rtentry2.o
         6          0          0          0          0          0   __rtentry4.o
        60          8          0          0          0          0   __scatter.o
        26          0          0          0          0          0   __scatter_copy.o
        28          0          0          0          0          0   __scatter_zi.o
        46          0          0          0          0        100   _printf_char.o
        48          6          0          0          0         88   _printf_char_common.o
        40          6          0          0          0         72   _printf_char_file.o
        10          0          0          0          0          0   _printf_d.o
       108         18          0          0          0         76   _printf_dec.o
        88          4         40          0          0         72   _printf_hex_int.o
       176          0          0          0          0         84   _printf_intcommon.o
        78          0          0          0          0        100   _printf_pad.o
         2          0          0          0          0          0   _printf_percent.o
         4          0          0          0          0          0   _printf_percent_end.o
        10          0          0          0          0          0   _printf_s.o
        82          0          0          0          0         72   _printf_str.o
        10          0          0          0          0          0   _printf_x.o
       346          0          0          0          0         92   aeabi_sdiv.o
        16          0          0          0          0         68   exit.o
         6          0          0          0          0        136   heapauxi.o
         2          0          0          0          0          0   libinit.o
         2          0          0          0          0          0   libinit2.o
         2          0          0          0          0          0   libshutdown.o
         2          0          0          0          0          0   libshutdown2.o
         8          4          0          0         96         68   libspace.o
        28          6          0          0          0         84   noretval__2printf.o
        64          0          0          0          0        108   rt_memclr.o
       186          0          0          0          0        144   rt_memcpy.o
         2          0          0          0          0          0   rtexit.o
        10          0          0          0          0          0   rtexit2.o
        40          0          0          0          0         60   rtudiv10.o
        62          0          0          0          0         80   sys_stackheap_outer.o

    ----------------------------------------------------------------------
      2030         58         60          0        100       1708   Library Totals
         6          0          3          0          4          0   (incl. Padding)

    ----------------------------------------------------------------------

      Code (inc. data)   RO Data    RW Data    ZI Data      Debug   Library Name

      2024         58         57          0         96       1708   c_p.l

    ----------------------------------------------------------------------
      2030         58         60          0        100       1708   Library Totals

    ----------------------------------------------------------------------

==============================================================================


      Code (inc. data)   RO Data    RW Data    ZI Data      Debug   

     14468       1902        296        216       2608     211874   Grand Totals
     14468       1902        296        216       2608     211874   ELF Image Totals
     14468       1902        296        216          0          0   ROM Totals

==============================================================================

    Total RO  Size (Code + RO Data)                14764 (  14.42kB)
    Total RW  Size (RW Data + ZI Data)              2824 (   2.76kB)
    Total ROM Size (Code + RO Data + RW Data)      14980 (  14.63kB)

==============================================================================

